Analysis & Synthesis report for VGA
Fri Oct 26 01:10:52 2018
Quartus Prime Version 18.0.0 Build 614 04/24/2018 SJ Lite Edition


---------------------
; Table of Contents ;
---------------------
  1. Legal Notice
  2. Analysis & Synthesis Summary
  3. Analysis & Synthesis Settings
  4. Parallel Compilation
  5. Analysis & Synthesis Source Files Read
  6. Analysis & Synthesis Resource Usage Summary
  7. Analysis & Synthesis Resource Utilization by Entity
  8. State Machine - |VGA|Application:VGAApplication|StateMachine:machine|state
  9. Registers Removed During Synthesis
 10. Removed Registers Triggering Further Register Optimizations
 11. General Register Statistics
 12. Multiplexer Restructuring Statistics (Restructuring Performed)
 13. Parameter Settings for User Entity Instance: ControllerSync:VGASync
 14. Parameter Settings for User Entity Instance: Application:VGAApplication|Counter:colorgen
 15. Parameter Settings for User Entity Instance: Application:VGAApplication|ParalelRegister:color1
 16. Parameter Settings for User Entity Instance: Application:VGAApplication|ParalelRegister:color2
 17. Parameter Settings for User Entity Instance: Application:VGAApplication|ParalelRegister:color3
 18. Parameter Settings for User Entity Instance: Application:VGAApplication|ParalelRegister:color4
 19. Parameter Settings for User Entity Instance: Application:VGAApplication|Multiplexer:mux24b
 20. Port Connectivity Checks: "Application:VGAApplication|StateMachine:machine"
 21. Post-Synthesis Netlist Statistics for Top Partition
 22. Elapsed Time Per Partition
 23. Analysis & Synthesis Messages
 24. Analysis & Synthesis Suppressed Messages



----------------
; Legal Notice ;
----------------
Copyright (C) 2018  Intel Corporation. All rights reserved.
Your use of Intel Corporation's design tools, logic functions 
and other software and tools, and its AMPP partner logic 
functions, and any output files from any of the foregoing 
(including device programming or simulation files), and any 
associated documentation or information are expressly subject 
to the terms and conditions of the Intel Program License 
Subscription Agreement, the Intel Quartus Prime License Agreement,
the Intel FPGA IP License Agreement, or other applicable license
agreement, including, without limitation, that your use is for
the sole purpose of programming logic devices manufactured by
Intel and sold by Intel or its authorized distributors.  Please
refer to the applicable agreement for further details.



+-------------------------------------------------------------------------------+
; Analysis & Synthesis Summary                                                  ;
+---------------------------------+---------------------------------------------+
; Analysis & Synthesis Status     ; Successful - Fri Oct 26 01:10:52 2018       ;
; Quartus Prime Version           ; 18.0.0 Build 614 04/24/2018 SJ Lite Edition ;
; Revision Name                   ; VGA                                         ;
; Top-level Entity Name           ; VGA                                         ;
; Family                          ; Cyclone V                                   ;
; Logic utilization (in ALMs)     ; N/A                                         ;
; Total registers                 ; 22                                          ;
; Total pins                      ; 31                                          ;
; Total virtual pins              ; 0                                           ;
; Total block memory bits         ; 0                                           ;
; Total DSP Blocks                ; 0                                           ;
; Total HSSI RX PCSs              ; 0                                           ;
; Total HSSI PMA RX Deserializers ; 0                                           ;
; Total HSSI TX PCSs              ; 0                                           ;
; Total HSSI PMA TX Serializers   ; 0                                           ;
; Total PLLs                      ; 0                                           ;
; Total DLLs                      ; 0                                           ;
+---------------------------------+---------------------------------------------+


+---------------------------------------------------------------------------------------------------------------------------+
; Analysis & Synthesis Settings                                                                                             ;
+---------------------------------------------------------------------------------+--------------------+--------------------+
; Option                                                                          ; Setting            ; Default Value      ;
+---------------------------------------------------------------------------------+--------------------+--------------------+
; Device                                                                          ; 5CSEMA5F31C6       ;                    ;
; Top-level entity name                                                           ; VGA                ; VGA                ;
; Family name                                                                     ; Cyclone V          ; Cyclone V          ;
; Verilog Show LMF Mapping Messages                                               ; Off                ;                    ;
; Verilog Version                                                                 ; SystemVerilog_2005 ; Verilog_2001       ;
; Use smart compilation                                                           ; Off                ; Off                ;
; Enable parallel Assembler and Timing Analyzer during compilation                ; On                 ; On                 ;
; Enable compact report table                                                     ; Off                ; Off                ;
; Restructure Multiplexers                                                        ; Auto               ; Auto               ;
; MLAB Add Timing Constraints For Mixed-Port Feed-Through Mode Setting Don't Care ; Off                ; Off                ;
; Create Debugging Nodes for IP Cores                                             ; Off                ; Off                ;
; Preserve fewer node names                                                       ; On                 ; On                 ;
; Intel FPGA IP Evaluation Mode                                                   ; Enable             ; Enable             ;
; VHDL Version                                                                    ; VHDL_1993          ; VHDL_1993          ;
; State Machine Processing                                                        ; Auto               ; Auto               ;
; Safe State Machine                                                              ; Off                ; Off                ;
; Extract Verilog State Machines                                                  ; On                 ; On                 ;
; Extract VHDL State Machines                                                     ; On                 ; On                 ;
; Ignore Verilog initial constructs                                               ; Off                ; Off                ;
; Iteration limit for constant Verilog loops                                      ; 5000               ; 5000               ;
; Iteration limit for non-constant Verilog loops                                  ; 250                ; 250                ;
; Add Pass-Through Logic to Inferred RAMs                                         ; On                 ; On                 ;
; Infer RAMs from Raw Logic                                                       ; On                 ; On                 ;
; Parallel Synthesis                                                              ; On                 ; On                 ;
; DSP Block Balancing                                                             ; Auto               ; Auto               ;
; NOT Gate Push-Back                                                              ; On                 ; On                 ;
; Power-Up Don't Care                                                             ; On                 ; On                 ;
; Remove Redundant Logic Cells                                                    ; Off                ; Off                ;
; Remove Duplicate Registers                                                      ; On                 ; On                 ;
; Ignore CARRY Buffers                                                            ; Off                ; Off                ;
; Ignore CASCADE Buffers                                                          ; Off                ; Off                ;
; Ignore GLOBAL Buffers                                                           ; Off                ; Off                ;
; Ignore ROW GLOBAL Buffers                                                       ; Off                ; Off                ;
; Ignore LCELL Buffers                                                            ; Off                ; Off                ;
; Ignore SOFT Buffers                                                             ; On                 ; On                 ;
; Limit AHDL Integers to 32 Bits                                                  ; Off                ; Off                ;
; Optimization Technique                                                          ; Balanced           ; Balanced           ;
; Carry Chain Length                                                              ; 70                 ; 70                 ;
; Auto Carry Chains                                                               ; On                 ; On                 ;
; Auto Open-Drain Pins                                                            ; On                 ; On                 ;
; Perform WYSIWYG Primitive Resynthesis                                           ; Off                ; Off                ;
; Auto ROM Replacement                                                            ; On                 ; On                 ;
; Auto RAM Replacement                                                            ; On                 ; On                 ;
; Auto DSP Block Replacement                                                      ; On                 ; On                 ;
; Auto Shift Register Replacement                                                 ; Auto               ; Auto               ;
; Allow Shift Register Merging across Hierarchies                                 ; Auto               ; Auto               ;
; Auto Clock Enable Replacement                                                   ; On                 ; On                 ;
; Strict RAM Replacement                                                          ; Off                ; Off                ;
; Allow Synchronous Control Signals                                               ; On                 ; On                 ;
; Force Use of Synchronous Clear Signals                                          ; Off                ; Off                ;
; Auto Resource Sharing                                                           ; Off                ; Off                ;
; Allow Any RAM Size For Recognition                                              ; Off                ; Off                ;
; Allow Any ROM Size For Recognition                                              ; Off                ; Off                ;
; Allow Any Shift Register Size For Recognition                                   ; Off                ; Off                ;
; Use LogicLock Constraints during Resource Balancing                             ; On                 ; On                 ;
; Ignore translate_off and synthesis_off directives                               ; Off                ; Off                ;
; Timing-Driven Synthesis                                                         ; On                 ; On                 ;
; Report Parameter Settings                                                       ; On                 ; On                 ;
; Report Source Assignments                                                       ; On                 ; On                 ;
; Report Connectivity Checks                                                      ; On                 ; On                 ;
; Ignore Maximum Fan-Out Assignments                                              ; Off                ; Off                ;
; Synchronization Register Chain Length                                           ; 3                  ; 3                  ;
; Power Optimization During Synthesis                                             ; Normal compilation ; Normal compilation ;
; HDL message level                                                               ; Level2             ; Level2             ;
; Suppress Register Optimization Related Messages                                 ; Off                ; Off                ;
; Number of Removed Registers Reported in Synthesis Report                        ; 5000               ; 5000               ;
; Number of Swept Nodes Reported in Synthesis Report                              ; 5000               ; 5000               ;
; Number of Inverted Registers Reported in Synthesis Report                       ; 100                ; 100                ;
; Clock MUX Protection                                                            ; On                 ; On                 ;
; Auto Gated Clock Conversion                                                     ; Off                ; Off                ;
; Block Design Naming                                                             ; Auto               ; Auto               ;
; SDC constraint protection                                                       ; Off                ; Off                ;
; Synthesis Effort                                                                ; Auto               ; Auto               ;
; Shift Register Replacement - Allow Asynchronous Clear Signal                    ; On                 ; On                 ;
; Pre-Mapping Resynthesis Optimization                                            ; Off                ; Off                ;
; Analysis & Synthesis Message Level                                              ; Medium             ; Medium             ;
; Disable Register Merging Across Hierarchies                                     ; Auto               ; Auto               ;
; Resource Aware Inference For Block RAM                                          ; On                 ; On                 ;
; Automatic Parallel Synthesis                                                    ; On                 ; On                 ;
; Partial Reconfiguration Bitstream ID                                            ; Off                ; Off                ;
+---------------------------------------------------------------------------------+--------------------+--------------------+


+------------------------------------------+
; Parallel Compilation                     ;
+----------------------------+-------------+
; Processors                 ; Number      ;
+----------------------------+-------------+
; Number detected on machine ; 8           ;
; Maximum allowed            ; 4           ;
;                            ;             ;
; Average used               ; 1.00        ;
; Maximum used               ; 4           ;
;                            ;             ;
; Usage by Processor         ; % Time Used ;
;     Processor 1            ; 100.0%      ;
;     Processors 2-4         ;   0.0%      ;
+----------------------------+-------------+


+---------------------------------------------------------------------------------------------------------------------------------------------------------------------------------+
; Analysis & Synthesis Source Files Read                                                                                                                                          ;
+----------------------------------+-----------------+------------------------------+-----------------------------------------------------------------------------------+---------+
; File Name with User-Entered Path ; Used in Netlist ; File Type                    ; File Name with Absolute Path                                                      ; Library ;
+----------------------------------+-----------------+------------------------------+-----------------------------------------------------------------------------------+---------+
; Controller/ControllerSync.sv     ; yes             ; User SystemVerilog HDL File  ; C:/Users/andre/Documents/TEC/Taller-Digitales/VGA/Controller/ControllerSync.sv    ;         ;
; Controller/ControllerPainter.sv  ; yes             ; User SystemVerilog HDL File  ; C:/Users/andre/Documents/TEC/Taller-Digitales/VGA/Controller/ControllerPainter.sv ;         ;
; Application/StateMachine.sv      ; yes             ; User SystemVerilog HDL File  ; C:/Users/andre/Documents/TEC/Taller-Digitales/VGA/Application/StateMachine.sv     ;         ;
; Application/SelectionZone.sv     ; yes             ; User SystemVerilog HDL File  ; C:/Users/andre/Documents/TEC/Taller-Digitales/VGA/Application/SelectionZone.sv    ;         ;
; Application/ParalelRegister.sv   ; yes             ; User SystemVerilog HDL File  ; C:/Users/andre/Documents/TEC/Taller-Digitales/VGA/Application/ParalelRegister.sv  ;         ;
; Application/Multiplexer.sv       ; yes             ; User SystemVerilog HDL File  ; C:/Users/andre/Documents/TEC/Taller-Digitales/VGA/Application/Multiplexer.sv      ;         ;
; Application/Deco2a4.sv           ; yes             ; User SystemVerilog HDL File  ; C:/Users/andre/Documents/TEC/Taller-Digitales/VGA/Application/Deco2a4.sv          ;         ;
; Application/Counter.sv           ; yes             ; User SystemVerilog HDL File  ; C:/Users/andre/Documents/TEC/Taller-Digitales/VGA/Application/Counter.sv          ;         ;
; Application.sv                   ; yes             ; User SystemVerilog HDL File  ; C:/Users/andre/Documents/TEC/Taller-Digitales/VGA/Application.sv                  ;         ;
; ClkDivisor.sv                    ; yes             ; User SystemVerilog HDL File  ; C:/Users/andre/Documents/TEC/Taller-Digitales/VGA/ClkDivisor.sv                   ;         ;
; VGA.sv                           ; yes             ; User SystemVerilog HDL File  ; C:/Users/andre/Documents/TEC/Taller-Digitales/VGA/VGA.sv                          ;         ;
+----------------------------------+-----------------+------------------------------+-----------------------------------------------------------------------------------+---------+


+---------------------------------------------------------------------------------+
; Analysis & Synthesis Resource Usage Summary                                     ;
+---------------------------------------------+-----------------------------------+
; Resource                                    ; Usage                             ;
+---------------------------------------------+-----------------------------------+
; Estimate of Logic utilization (ALMs needed) ; 18                                ;
;                                             ;                                   ;
; Combinational ALUT usage for logic          ; 34                                ;
;     -- 7 input functions                    ; 0                                 ;
;     -- 6 input functions                    ; 1                                 ;
;     -- 5 input functions                    ; 4                                 ;
;     -- 4 input functions                    ; 5                                 ;
;     -- <=3 input functions                  ; 24                                ;
;                                             ;                                   ;
; Dedicated logic registers                   ; 22                                ;
;                                             ;                                   ;
; I/O pins                                    ; 31                                ;
;                                             ;                                   ;
; Total DSP Blocks                            ; 0                                 ;
;                                             ;                                   ;
; Maximum fan-out node                        ; ClkDivisor:VGAClkDivisor|clk25Mhz ;
; Maximum fan-out                             ; 21                                ;
; Total fan-out                               ; 220                               ;
; Average fan-out                             ; 1.86                              ;
+---------------------------------------------+-----------------------------------+


+--------------------------------------------------------------------------------------------------------------------------------------------------------------------------------------------------------+
; Analysis & Synthesis Resource Utilization by Entity                                                                                                                                                    ;
+-------------------------------+---------------------+---------------------------+-------------------+------------+------+--------------+-------------------------------+----------------+--------------+
; Compilation Hierarchy Node    ; Combinational ALUTs ; Dedicated Logic Registers ; Block Memory Bits ; DSP Blocks ; Pins ; Virtual Pins ; Full Hierarchy Name           ; Entity Name    ; Library Name ;
+-------------------------------+---------------------+---------------------------+-------------------+------------+------+--------------+-------------------------------+----------------+--------------+
; |VGA                          ; 34 (0)              ; 22 (0)                    ; 0                 ; 0          ; 31   ; 0            ; |VGA                          ; VGA            ; work         ;
;    |ClkDivisor:VGAClkDivisor| ; 2 (2)               ; 2 (2)                     ; 0                 ; 0          ; 0    ; 0            ; |VGA|ClkDivisor:VGAClkDivisor ; ClkDivisor     ; work         ;
;    |ControllerSync:VGASync|   ; 32 (32)             ; 20 (20)                   ; 0                 ; 0          ; 0    ; 0            ; |VGA|ControllerSync:VGASync   ; ControllerSync ; work         ;
+-------------------------------+---------------------+---------------------------+-------------------+------------+------+--------------+-------------------------------+----------------+--------------+
Note: For table entries with two numbers listed, the numbers in parentheses indicate the number of resources of the given type used by the specific entity alone. The numbers listed outside of parentheses indicate the total resources of the given type used by the specific entity and all of its sub-entities in the hierarchy.


Encoding Type:  One-Hot
+----------------------------------------------------------------------------+
; State Machine - |VGA|Application:VGAApplication|StateMachine:machine|state ;
+----------+----------+----------+----------+--------------------------------+
; Name     ; state.s3 ; state.s2 ; state.s1 ; state.s0                       ;
+----------+----------+----------+----------+--------------------------------+
; state.s0 ; 0        ; 0        ; 0        ; 0                              ;
; state.s1 ; 0        ; 0        ; 1        ; 1                              ;
; state.s2 ; 0        ; 1        ; 0        ; 1                              ;
; state.s3 ; 1        ; 0        ; 0        ; 1                              ;
+----------+----------+----------+----------+--------------------------------+


+-------------------------------------------------------------------------------+
; Registers Removed During Synthesis                                            ;
+----------------------------------------------------------+--------------------+
; Register name                                            ; Reason for Removal ;
+----------------------------------------------------------+--------------------+
; Application:VGAApplication|Multiplexer:mux24b|y[0..23]   ; Lost fanout        ;
; Application:VGAApplication|StateMachine:machine|state~8  ; Lost fanout        ;
; Application:VGAApplication|StateMachine:machine|state~9  ; Lost fanout        ;
; Application:VGAApplication|StateMachine:machine|state~10 ; Lost fanout        ;
; Application:VGAApplication|StateMachine:machine|state.s0 ; Lost fanout        ;
; Application:VGAApplication|StateMachine:machine|state.s1 ; Lost fanout        ;
; Application:VGAApplication|StateMachine:machine|state.s2 ; Lost fanout        ;
; Application:VGAApplication|StateMachine:machine|state.s3 ; Lost fanout        ;
; Total Number of Removed Registers = 31                   ;                    ;
+----------------------------------------------------------+--------------------+


+------------------------------------------------------------------------------------------------------------------------------------------+
; Removed Registers Triggering Further Register Optimizations                                                                              ;
+---------------------------------------------------------+--------------------+-----------------------------------------------------------+
; Register name                                           ; Reason for Removal ; Registers Removed due to This Register                    ;
+---------------------------------------------------------+--------------------+-----------------------------------------------------------+
; Application:VGAApplication|StateMachine:machine|state~8 ; Lost Fanouts       ; Application:VGAApplication|StateMachine:machine|state.s0, ;
;                                                         ;                    ; Application:VGAApplication|StateMachine:machine|state.s1, ;
;                                                         ;                    ; Application:VGAApplication|StateMachine:machine|state.s2, ;
;                                                         ;                    ; Application:VGAApplication|StateMachine:machine|state.s3  ;
+---------------------------------------------------------+--------------------+-----------------------------------------------------------+


+------------------------------------------------------+
; General Register Statistics                          ;
+----------------------------------------------+-------+
; Statistic                                    ; Value ;
+----------------------------------------------+-------+
; Total registers                              ; 22    ;
; Number of registers using Synchronous Clear  ; 20    ;
; Number of registers using Synchronous Load   ; 0     ;
; Number of registers using Asynchronous Clear ; 20    ;
; Number of registers using Asynchronous Load  ; 0     ;
; Number of registers using Clock Enable       ; 10    ;
; Number of registers using Preset             ; 0     ;
+----------------------------------------------+-------+


+-------------------------------------------------------------------------------------------------------------------------------------------------------+
; Multiplexer Restructuring Statistics (Restructuring Performed)                                                                                        ;
+--------------------+-----------+---------------+----------------------+------------------------+------------+-----------------------------------------+
; Multiplexer Inputs ; Bus Width ; Baseline Area ; Area if Restructured ; Saving if Restructured ; Registered ; Example Multiplexer Output              ;
+--------------------+-----------+---------------+----------------------+------------------------+------------+-----------------------------------------+
; 3:1                ; 10 bits   ; 20 LEs        ; 0 LEs                ; 20 LEs                 ; Yes        ; |VGA|ControllerSync:VGASync|vCounter[9] ;
+--------------------+-----------+---------------+----------------------+------------------------+------------+-----------------------------------------+


+---------------------------------------------------------------------+
; Parameter Settings for User Entity Instance: ControllerSync:VGASync ;
+----------------+-------+--------------------------------------------+
; Parameter Name ; Value ; Type                                       ;
+----------------+-------+--------------------------------------------+
; DATA_WIDTH     ; 4     ; Signed Integer                             ;
+----------------+-------+--------------------------------------------+
Note: In order to hide this table in the UI and the text report file, please set the "Show Parameter Settings in Synthesis Report" option in "Analysis and Synthesis Settings -> More Settings" to "Off".


+------------------------------------------------------------------------------------------+
; Parameter Settings for User Entity Instance: Application:VGAApplication|Counter:colorgen ;
+----------------+-------+-----------------------------------------------------------------+
; Parameter Name ; Value ; Type                                                            ;
+----------------+-------+-----------------------------------------------------------------+
; N              ; 24    ; Signed Integer                                                  ;
+----------------+-------+-----------------------------------------------------------------+
Note: In order to hide this table in the UI and the text report file, please set the "Show Parameter Settings in Synthesis Report" option in "Analysis and Synthesis Settings -> More Settings" to "Off".


+------------------------------------------------------------------------------------------------+
; Parameter Settings for User Entity Instance: Application:VGAApplication|ParalelRegister:color1 ;
+----------------+-------+-----------------------------------------------------------------------+
; Parameter Name ; Value ; Type                                                                  ;
+----------------+-------+-----------------------------------------------------------------------+
; N              ; 24    ; Signed Integer                                                        ;
+----------------+-------+-----------------------------------------------------------------------+
Note: In order to hide this table in the UI and the text report file, please set the "Show Parameter Settings in Synthesis Report" option in "Analysis and Synthesis Settings -> More Settings" to "Off".


+------------------------------------------------------------------------------------------------+
; Parameter Settings for User Entity Instance: Application:VGAApplication|ParalelRegister:color2 ;
+----------------+-------+-----------------------------------------------------------------------+
; Parameter Name ; Value ; Type                                                                  ;
+----------------+-------+-----------------------------------------------------------------------+
; N              ; 24    ; Signed Integer                                                        ;
+----------------+-------+-----------------------------------------------------------------------+
Note: In order to hide this table in the UI and the text report file, please set the "Show Parameter Settings in Synthesis Report" option in "Analysis and Synthesis Settings -> More Settings" to "Off".


+------------------------------------------------------------------------------------------------+
; Parameter Settings for User Entity Instance: Application:VGAApplication|ParalelRegister:color3 ;
+----------------+-------+-----------------------------------------------------------------------+
; Parameter Name ; Value ; Type                                                                  ;
+----------------+-------+-----------------------------------------------------------------------+
; N              ; 24    ; Signed Integer                                                        ;
+----------------+-------+-----------------------------------------------------------------------+
Note: In order to hide this table in the UI and the text report file, please set the "Show Parameter Settings in Synthesis Report" option in "Analysis and Synthesis Settings -> More Settings" to "Off".


+------------------------------------------------------------------------------------------------+
; Parameter Settings for User Entity Instance: Application:VGAApplication|ParalelRegister:color4 ;
+----------------+-------+-----------------------------------------------------------------------+
; Parameter Name ; Value ; Type                                                                  ;
+----------------+-------+-----------------------------------------------------------------------+
; N              ; 24    ; Signed Integer                                                        ;
+----------------+-------+-----------------------------------------------------------------------+
Note: In order to hide this table in the UI and the text report file, please set the "Show Parameter Settings in Synthesis Report" option in "Analysis and Synthesis Settings -> More Settings" to "Off".


+--------------------------------------------------------------------------------------------+
; Parameter Settings for User Entity Instance: Application:VGAApplication|Multiplexer:mux24b ;
+----------------+-------+-------------------------------------------------------------------+
; Parameter Name ; Value ; Type                                                              ;
+----------------+-------+-------------------------------------------------------------------+
; DATA_WIDTH     ; 24    ; Signed Integer                                                    ;
+----------------+-------+-------------------------------------------------------------------+
Note: In order to hide this table in the UI and the text report file, please set the "Show Parameter Settings in Synthesis Report" option in "Analysis and Synthesis Settings -> More Settings" to "Off".


+-------------------------------------------------------------------------------------------------------------------------------------------------+
; Port Connectivity Checks: "Application:VGAApplication|StateMachine:machine"                                                                     ;
+------+--------+----------+----------------------------------------------------------------------------------------------------------------------+
; Port ; Type   ; Severity ; Details                                                                                                              ;
+------+--------+----------+----------------------------------------------------------------------------------------------------------------------+
; y    ; Output ; Warning  ; Output or bidir port (3 bits) is wider than the port expression (2 bits) it drives; bit(s) "y[2..2]" have no fanouts ;
+------+--------+----------+----------------------------------------------------------------------------------------------------------------------+


+-----------------------------------------------------+
; Post-Synthesis Netlist Statistics for Top Partition ;
+-----------------------+-----------------------------+
; Type                  ; Count                       ;
+-----------------------+-----------------------------+
; arriav_ff             ; 22                          ;
;     CLR SCLR          ; 10                          ;
;     ENA CLR SCLR      ; 10                          ;
;     plain             ; 2                           ;
; arriav_lcell_comb     ; 35                          ;
;     arith             ; 20                          ;
;         1 data inputs ; 20                          ;
;     normal            ; 15                          ;
;         0 data inputs ; 1                           ;
;         1 data inputs ; 2                           ;
;         2 data inputs ; 1                           ;
;         3 data inputs ; 1                           ;
;         4 data inputs ; 5                           ;
;         5 data inputs ; 4                           ;
;         6 data inputs ; 1                           ;
; boundary_port         ; 31                          ;
;                       ;                             ;
; Max LUT depth         ; 2.00                        ;
; Average LUT depth     ; 1.69                        ;
+-----------------------+-----------------------------+


+-------------------------------+
; Elapsed Time Per Partition    ;
+----------------+--------------+
; Partition Name ; Elapsed Time ;
+----------------+--------------+
; Top            ; 00:00:00     ;
+----------------+--------------+


+-------------------------------+
; Analysis & Synthesis Messages ;
+-------------------------------+
Info: *******************************************************************
Info: Running Quartus Prime Analysis & Synthesis
    Info: Version 18.0.0 Build 614 04/24/2018 SJ Lite Edition
    Info: Processing started: Fri Oct 26 01:10:38 2018
Info: Command: quartus_map --read_settings_files=on --write_settings_files=off VGA -c VGA
Warning (18236): Number of processors has not been specified which may cause overloading on shared machines.  Set the global assignment NUM_PARALLEL_PROCESSORS in your QSF to an appropriate value for best performance.
Info (20030): Parallel compilation is enabled and will use 4 of the 4 processors detected
Info (12021): Found 1 design units, including 1 entities, in source file controller/controllersync_tb.sv
    Info (12023): Found entity 1: ControllerSync_tb File: C:/Users/andre/Documents/TEC/Taller-Digitales/VGA/Controller/ControllerSync_tb.sv Line: 1
Info (12021): Found 1 design units, including 1 entities, in source file contadorv_h.sv
    Info (12023): Found entity 1: contadorV_H File: C:/Users/andre/Documents/TEC/Taller-Digitales/VGA/contadorV_H.sv Line: 2
Info (12021): Found 1 design units, including 1 entities, in source file application_tb.sv
    Info (12023): Found entity 1: Application_tb File: C:/Users/andre/Documents/TEC/Taller-Digitales/VGA/Application_tb.sv Line: 1
Info (12021): Found 1 design units, including 1 entities, in source file controller/controllersync.sv
    Info (12023): Found entity 1: ControllerSync File: C:/Users/andre/Documents/TEC/Taller-Digitales/VGA/Controller/ControllerSync.sv Line: 1
Info (12021): Found 1 design units, including 1 entities, in source file controller/controllerpainter.sv
    Info (12023): Found entity 1: ControllerPainter File: C:/Users/andre/Documents/TEC/Taller-Digitales/VGA/Controller/ControllerPainter.sv Line: 1
Info (12021): Found 1 design units, including 1 entities, in source file application/statemachine_tb.sv
    Info (12023): Found entity 1: StateMachine_tb File: C:/Users/andre/Documents/TEC/Taller-Digitales/VGA/Application/StateMachine_tb.sv Line: 1
Info (12021): Found 1 design units, including 1 entities, in source file application/statemachine.sv
    Info (12023): Found entity 1: StateMachine File: C:/Users/andre/Documents/TEC/Taller-Digitales/VGA/Application/StateMachine.sv Line: 1
Info (12021): Found 1 design units, including 1 entities, in source file application/selectionzone_tb.sv
    Info (12023): Found entity 1: SelectionZone_tb File: C:/Users/andre/Documents/TEC/Taller-Digitales/VGA/Application/SelectionZone_tb.sv Line: 1
Info (12021): Found 1 design units, including 1 entities, in source file application/selectionzone.sv
    Info (12023): Found entity 1: SelectionZone File: C:/Users/andre/Documents/TEC/Taller-Digitales/VGA/Application/SelectionZone.sv Line: 1
Info (12021): Found 1 design units, including 1 entities, in source file application/paralelregister_tb.sv
    Info (12023): Found entity 1: ParalelRegister_tb File: C:/Users/andre/Documents/TEC/Taller-Digitales/VGA/Application/ParalelRegister_tb.sv Line: 1
Info (12021): Found 1 design units, including 1 entities, in source file application/paralelregister.sv
    Info (12023): Found entity 1: ParalelRegister File: C:/Users/andre/Documents/TEC/Taller-Digitales/VGA/Application/ParalelRegister.sv Line: 1
Info (12021): Found 1 design units, including 1 entities, in source file application/multiplexer.sv
    Info (12023): Found entity 1: Multiplexer File: C:/Users/andre/Documents/TEC/Taller-Digitales/VGA/Application/Multiplexer.sv Line: 1
Info (12021): Found 1 design units, including 1 entities, in source file application/deco2a4_tb.sv
    Info (12023): Found entity 1: Deco2a4_tb File: C:/Users/andre/Documents/TEC/Taller-Digitales/VGA/Application/Deco2a4_tb.sv Line: 1
Info (12021): Found 1 design units, including 1 entities, in source file application/deco2a4.sv
    Info (12023): Found entity 1: Deco2a4 File: C:/Users/andre/Documents/TEC/Taller-Digitales/VGA/Application/Deco2a4.sv Line: 1
Info (12021): Found 1 design units, including 1 entities, in source file application/counter_tb.sv
    Info (12023): Found entity 1: Counter_tb File: C:/Users/andre/Documents/TEC/Taller-Digitales/VGA/Application/Counter_tb.sv Line: 1
Info (12021): Found 1 design units, including 1 entities, in source file application/counter.sv
    Info (12023): Found entity 1: Counter File: C:/Users/andre/Documents/TEC/Taller-Digitales/VGA/Application/Counter.sv Line: 1
Info (12021): Found 1 design units, including 1 entities, in source file application.sv
    Info (12023): Found entity 1: Application File: C:/Users/andre/Documents/TEC/Taller-Digitales/VGA/Application.sv Line: 1
Info (12021): Found 1 design units, including 1 entities, in source file clkdivisor.sv
    Info (12023): Found entity 1: ClkDivisor File: C:/Users/andre/Documents/TEC/Taller-Digitales/VGA/ClkDivisor.sv Line: 1
Info (12021): Found 1 design units, including 1 entities, in source file controller/controllerpainter_tb.sv
    Info (12023): Found entity 1: ControllerPainter_tb File: C:/Users/andre/Documents/TEC/Taller-Digitales/VGA/Controller/ControllerPainter_tb.sv Line: 1
Info (12021): Found 1 design units, including 1 entities, in source file vga.sv
    Info (12023): Found entity 1: VGA File: C:/Users/andre/Documents/TEC/Taller-Digitales/VGA/VGA.sv Line: 1
Warning (10236): Verilog HDL Implicit Net warning at Application.sv(45): created implicit net for "reset" File: C:/Users/andre/Documents/TEC/Taller-Digitales/VGA/Application.sv Line: 45
Warning (10236): Verilog HDL Implicit Net warning at VGA.sv(24): created implicit net for "vidOn" File: C:/Users/andre/Documents/TEC/Taller-Digitales/VGA/VGA.sv Line: 24
Info (12127): Elaborating entity "VGA" for the top level hierarchy
Info (12128): Elaborating entity "ClkDivisor" for hierarchy "ClkDivisor:VGAClkDivisor" File: C:/Users/andre/Documents/TEC/Taller-Digitales/VGA/VGA.sv Line: 17
Info (12128): Elaborating entity "ControllerSync" for hierarchy "ControllerSync:VGASync" File: C:/Users/andre/Documents/TEC/Taller-Digitales/VGA/VGA.sv Line: 20
Info (12128): Elaborating entity "Application" for hierarchy "Application:VGAApplication" File: C:/Users/andre/Documents/TEC/Taller-Digitales/VGA/VGA.sv Line: 22
Info (12128): Elaborating entity "Counter" for hierarchy "Application:VGAApplication|Counter:colorgen" File: C:/Users/andre/Documents/TEC/Taller-Digitales/VGA/Application.sv Line: 31
Warning (10230): Verilog HDL assignment warning at Counter.sv(9): truncated value with size 32 to match size of target (24) File: C:/Users/andre/Documents/TEC/Taller-Digitales/VGA/Application/Counter.sv Line: 9
Info (12128): Elaborating entity "StateMachine" for hierarchy "Application:VGAApplication|StateMachine:machine" File: C:/Users/andre/Documents/TEC/Taller-Digitales/VGA/Application.sv Line: 34
Info (12128): Elaborating entity "Deco2a4" for hierarchy "Application:VGAApplication|Deco2a4:deco" File: C:/Users/andre/Documents/TEC/Taller-Digitales/VGA/Application.sv Line: 35
Info (12128): Elaborating entity "ParalelRegister" for hierarchy "Application:VGAApplication|ParalelRegister:color1" File: C:/Users/andre/Documents/TEC/Taller-Digitales/VGA/Application.sv Line: 38
Info (12128): Elaborating entity "SelectionZone" for hierarchy "Application:VGAApplication|SelectionZone:select" File: C:/Users/andre/Documents/TEC/Taller-Digitales/VGA/Application.sv Line: 44
Info (12128): Elaborating entity "Multiplexer" for hierarchy "Application:VGAApplication|Multiplexer:mux24b" File: C:/Users/andre/Documents/TEC/Taller-Digitales/VGA/Application.sv Line: 45
Info (12128): Elaborating entity "ControllerPainter" for hierarchy "ControllerPainter:VGAPainter" File: C:/Users/andre/Documents/TEC/Taller-Digitales/VGA/VGA.sv Line: 25
Warning (12241): 1 hierarchies have connectivity warnings - see the Connectivity Checks report folder
Warning (13024): Output pins are stuck at VCC or GND
    Warning (13410): Pin "red[0]" is stuck at GND File: C:/Users/andre/Documents/TEC/Taller-Digitales/VGA/VGA.sv Line: 7
    Warning (13410): Pin "red[1]" is stuck at GND File: C:/Users/andre/Documents/TEC/Taller-Digitales/VGA/VGA.sv Line: 7
    Warning (13410): Pin "red[2]" is stuck at GND File: C:/Users/andre/Documents/TEC/Taller-Digitales/VGA/VGA.sv Line: 7
    Warning (13410): Pin "red[3]" is stuck at GND File: C:/Users/andre/Documents/TEC/Taller-Digitales/VGA/VGA.sv Line: 7
    Warning (13410): Pin "red[4]" is stuck at GND File: C:/Users/andre/Documents/TEC/Taller-Digitales/VGA/VGA.sv Line: 7
    Warning (13410): Pin "red[5]" is stuck at GND File: C:/Users/andre/Documents/TEC/Taller-Digitales/VGA/VGA.sv Line: 7
    Warning (13410): Pin "red[6]" is stuck at GND File: C:/Users/andre/Documents/TEC/Taller-Digitales/VGA/VGA.sv Line: 7
    Warning (13410): Pin "red[7]" is stuck at GND File: C:/Users/andre/Documents/TEC/Taller-Digitales/VGA/VGA.sv Line: 7
    Warning (13410): Pin "green[0]" is stuck at GND File: C:/Users/andre/Documents/TEC/Taller-Digitales/VGA/VGA.sv Line: 8
    Warning (13410): Pin "green[1]" is stuck at GND File: C:/Users/andre/Documents/TEC/Taller-Digitales/VGA/VGA.sv Line: 8
    Warning (13410): Pin "green[2]" is stuck at GND File: C:/Users/andre/Documents/TEC/Taller-Digitales/VGA/VGA.sv Line: 8
    Warning (13410): Pin "green[3]" is stuck at GND File: C:/Users/andre/Documents/TEC/Taller-Digitales/VGA/VGA.sv Line: 8
    Warning (13410): Pin "green[4]" is stuck at GND File: C:/Users/andre/Documents/TEC/Taller-Digitales/VGA/VGA.sv Line: 8
    Warning (13410): Pin "green[5]" is stuck at GND File: C:/Users/andre/Documents/TEC/Taller-Digitales/VGA/VGA.sv Line: 8
    Warning (13410): Pin "green[6]" is stuck at GND File: C:/Users/andre/Documents/TEC/Taller-Digitales/VGA/VGA.sv Line: 8
    Warning (13410): Pin "green[7]" is stuck at GND File: C:/Users/andre/Documents/TEC/Taller-Digitales/VGA/VGA.sv Line: 8
    Warning (13410): Pin "blue[0]" is stuck at GND File: C:/Users/andre/Documents/TEC/Taller-Digitales/VGA/VGA.sv Line: 9
    Warning (13410): Pin "blue[1]" is stuck at GND File: C:/Users/andre/Documents/TEC/Taller-Digitales/VGA/VGA.sv Line: 9
    Warning (13410): Pin "blue[2]" is stuck at GND File: C:/Users/andre/Documents/TEC/Taller-Digitales/VGA/VGA.sv Line: 9
    Warning (13410): Pin "blue[3]" is stuck at GND File: C:/Users/andre/Documents/TEC/Taller-Digitales/VGA/VGA.sv Line: 9
    Warning (13410): Pin "blue[4]" is stuck at GND File: C:/Users/andre/Documents/TEC/Taller-Digitales/VGA/VGA.sv Line: 9
    Warning (13410): Pin "blue[5]" is stuck at GND File: C:/Users/andre/Documents/TEC/Taller-Digitales/VGA/VGA.sv Line: 9
    Warning (13410): Pin "blue[6]" is stuck at GND File: C:/Users/andre/Documents/TEC/Taller-Digitales/VGA/VGA.sv Line: 9
    Warning (13410): Pin "blue[7]" is stuck at GND File: C:/Users/andre/Documents/TEC/Taller-Digitales/VGA/VGA.sv Line: 9
Info (286030): Timing-Driven Synthesis is running
Info (17049): 31 registers lost all their fanouts during netlist optimizations.
Info (144001): Generated suppressed messages file C:/Users/andre/Documents/TEC/Taller-Digitales/VGA/output_files/VGA.map.smsg
Info (16010): Generating hard_block partition "hard_block:auto_generated_inst"
    Info (16011): Adding 0 node(s), including 0 DDIO, 0 PLL, 0 transceiver and 0 LCELL
Warning (21074): Design contains 1 input pin(s) that do not drive logic
    Warning (15610): No output dependent on input pin "swap" File: C:/Users/andre/Documents/TEC/Taller-Digitales/VGA/VGA.sv Line: 4
Info (21057): Implemented 65 device resources after synthesis - the final resource count might be different
    Info (21058): Implemented 3 input pins
    Info (21059): Implemented 28 output pins
    Info (21061): Implemented 34 logic cells
Info: Quartus Prime Analysis & Synthesis was successful. 0 errors, 32 warnings
    Info: Peak virtual memory: 4849 megabytes
    Info: Processing ended: Fri Oct 26 01:10:52 2018
    Info: Elapsed time: 00:00:14
    Info: Total CPU time (on all processors): 00:00:30


+------------------------------------------+
; Analysis & Synthesis Suppressed Messages ;
+------------------------------------------+
The suppressed messages can be found in C:/Users/andre/Documents/TEC/Taller-Digitales/VGA/output_files/VGA.map.smsg.


