Analysis & Synthesis report for ProcessorArm
Tue Nov 06 20:56:51 2018
Quartus Prime Version 18.0.0 Build 614 04/24/2018 SJ Lite Edition


---------------------
; Table of Contents ;
---------------------
  1. Legal Notice
  2. Analysis & Synthesis Summary
  3. Analysis & Synthesis Settings
  4. Parallel Compilation
  5. Analysis & Synthesis Source Files Read
  6. Analysis & Synthesis Resource Usage Summary
  7. Analysis & Synthesis Resource Utilization by Entity
  8. User-Specified and Inferred Latches
  9. Registers Removed During Synthesis
 10. Removed Registers Triggering Further Register Optimizations
 11. General Register Statistics
 12. Multiplexer Restructuring Statistics (Restructuring Performed)
 13. Parameter Settings for User Entity Instance: arm:arm|controller:c|condlogic:cl|flopenr:flagreg1
 14. Parameter Settings for User Entity Instance: arm:arm|controller:c|condlogic:cl|flopenr:flagreg0
 15. Parameter Settings for User Entity Instance: arm:arm|datapath:dp|mux2:pcmux
 16. Parameter Settings for User Entity Instance: arm:arm|datapath:dp|flopr:pcreg
 17. Parameter Settings for User Entity Instance: arm:arm|datapath:dp|adder:pcadd1
 18. Parameter Settings for User Entity Instance: arm:arm|datapath:dp|adder:pcadd2
 19. Parameter Settings for User Entity Instance: arm:arm|datapath:dp|mux2:ra1mux
 20. Parameter Settings for User Entity Instance: arm:arm|datapath:dp|mux2:ra2mux
 21. Parameter Settings for User Entity Instance: arm:arm|datapath:dp|mux2:resmux
 22. Parameter Settings for User Entity Instance: arm:arm|datapath:dp|mux2:srcbmux
 23. Parameter Settings for User Entity Instance: arm:arm|datapath:dp|ALU:alu
 24. Parameter Settings for User Entity Instance: arm:arm|datapath:dp|ALU:alu|sumadorNbits:sumaN
 25. Parameter Settings for User Entity Instance: arm:arm|datapath:dp|ALU:alu|restadorNbits:restador
 26. Parameter Settings for User Entity Instance: arm:arm|datapath:dp|ALU:alu|andN:andgate
 27. Parameter Settings for User Entity Instance: arm:arm|datapath:dp|ALU:alu|orN:orgate
 28. Parameter Settings for User Entity Instance: arm:arm|datapath:dp|ALU:alu|sllN:shiftL
 29. Parameter Settings for User Entity Instance: arm:arm|datapath:dp|ALU:alu|srlN:shiftR
 30. Parameter Settings for User Entity Instance: arm:arm|datapath:dp|ALU:alu|xorN:xorgate
 31. Parameter Settings for User Entity Instance: arm:arm|datapath:dp|ALU:alu|notN:notgate
 32. Parameter Settings for User Entity Instance: arm:arm|datapath:dp|ALU:alu|MUX:muxresult
 33. Port Connectivity Checks: "arm:arm|datapath:dp|ALU:alu|sumadorNbits:sumaN"
 34. Port Connectivity Checks: "arm:arm|datapath:dp|ALU:alu"
 35. Port Connectivity Checks: "arm:arm|datapath:dp|mux2:ra1mux"
 36. Port Connectivity Checks: "arm:arm|datapath:dp|adder:pcadd2"
 37. Port Connectivity Checks: "arm:arm|datapath:dp|adder:pcadd1"
 38. Post-Synthesis Netlist Statistics for Top Partition
 39. Elapsed Time Per Partition
 40. Analysis & Synthesis Messages
 41. Analysis & Synthesis Suppressed Messages



----------------
; Legal Notice ;
----------------
Copyright (C) 2018  Intel Corporation. All rights reserved.
Your use of Intel Corporation's design tools, logic functions 
and other software and tools, and its AMPP partner logic 
functions, and any output files from any of the foregoing 
(including device programming or simulation files), and any 
associated documentation or information are expressly subject 
to the terms and conditions of the Intel Program License 
Subscription Agreement, the Intel Quartus Prime License Agreement,
the Intel FPGA IP License Agreement, or other applicable license
agreement, including, without limitation, that your use is for
the sole purpose of programming logic devices manufactured by
Intel and sold by Intel or its authorized distributors.  Please
refer to the applicable agreement for further details.



+-------------------------------------------------------------------------------+
; Analysis & Synthesis Summary                                                  ;
+---------------------------------+---------------------------------------------+
; Analysis & Synthesis Status     ; Successful - Tue Nov 06 20:56:50 2018       ;
; Quartus Prime Version           ; 18.0.0 Build 614 04/24/2018 SJ Lite Edition ;
; Revision Name                   ; ProcessorArm                                ;
; Top-level Entity Name           ; top                                         ;
; Family                          ; Cyclone V                                   ;
; Logic utilization (in ALMs)     ; N/A                                         ;
; Total registers                 ; 2562                                        ;
; Total pins                      ; 67                                          ;
; Total virtual pins              ; 0                                           ;
; Total block memory bits         ; 0                                           ;
; Total DSP Blocks                ; 0                                           ;
; Total HSSI RX PCSs              ; 0                                           ;
; Total HSSI PMA RX Deserializers ; 0                                           ;
; Total HSSI TX PCSs              ; 0                                           ;
; Total HSSI PMA TX Serializers   ; 0                                           ;
; Total PLLs                      ; 0                                           ;
; Total DLLs                      ; 0                                           ;
+---------------------------------+---------------------------------------------+


+---------------------------------------------------------------------------------------------------------------------------+
; Analysis & Synthesis Settings                                                                                             ;
+---------------------------------------------------------------------------------+--------------------+--------------------+
; Option                                                                          ; Setting            ; Default Value      ;
+---------------------------------------------------------------------------------+--------------------+--------------------+
; Device                                                                          ; 5CSEMA5F31C6       ;                    ;
; Top-level entity name                                                           ; top                ; ProcessorArm       ;
; Family name                                                                     ; Cyclone V          ; Cyclone V          ;
; Use smart compilation                                                           ; Off                ; Off                ;
; Enable parallel Assembler and Timing Analyzer during compilation                ; On                 ; On                 ;
; Enable compact report table                                                     ; Off                ; Off                ;
; Restructure Multiplexers                                                        ; Auto               ; Auto               ;
; MLAB Add Timing Constraints For Mixed-Port Feed-Through Mode Setting Don't Care ; Off                ; Off                ;
; Create Debugging Nodes for IP Cores                                             ; Off                ; Off                ;
; Preserve fewer node names                                                       ; On                 ; On                 ;
; Intel FPGA IP Evaluation Mode                                                   ; Enable             ; Enable             ;
; Verilog Version                                                                 ; Verilog_2001       ; Verilog_2001       ;
; VHDL Version                                                                    ; VHDL_1993          ; VHDL_1993          ;
; State Machine Processing                                                        ; Auto               ; Auto               ;
; Safe State Machine                                                              ; Off                ; Off                ;
; Extract Verilog State Machines                                                  ; On                 ; On                 ;
; Extract VHDL State Machines                                                     ; On                 ; On                 ;
; Ignore Verilog initial constructs                                               ; Off                ; Off                ;
; Iteration limit for constant Verilog loops                                      ; 5000               ; 5000               ;
; Iteration limit for non-constant Verilog loops                                  ; 250                ; 250                ;
; Add Pass-Through Logic to Inferred RAMs                                         ; On                 ; On                 ;
; Infer RAMs from Raw Logic                                                       ; On                 ; On                 ;
; Parallel Synthesis                                                              ; On                 ; On                 ;
; DSP Block Balancing                                                             ; Auto               ; Auto               ;
; NOT Gate Push-Back                                                              ; On                 ; On                 ;
; Power-Up Don't Care                                                             ; On                 ; On                 ;
; Remove Redundant Logic Cells                                                    ; Off                ; Off                ;
; Remove Duplicate Registers                                                      ; On                 ; On                 ;
; Ignore CARRY Buffers                                                            ; Off                ; Off                ;
; Ignore CASCADE Buffers                                                          ; Off                ; Off                ;
; Ignore GLOBAL Buffers                                                           ; Off                ; Off                ;
; Ignore ROW GLOBAL Buffers                                                       ; Off                ; Off                ;
; Ignore LCELL Buffers                                                            ; Off                ; Off                ;
; Ignore SOFT Buffers                                                             ; On                 ; On                 ;
; Limit AHDL Integers to 32 Bits                                                  ; Off                ; Off                ;
; Optimization Technique                                                          ; Balanced           ; Balanced           ;
; Carry Chain Length                                                              ; 70                 ; 70                 ;
; Auto Carry Chains                                                               ; On                 ; On                 ;
; Auto Open-Drain Pins                                                            ; On                 ; On                 ;
; Perform WYSIWYG Primitive Resynthesis                                           ; Off                ; Off                ;
; Auto ROM Replacement                                                            ; On                 ; On                 ;
; Auto RAM Replacement                                                            ; On                 ; On                 ;
; Auto DSP Block Replacement                                                      ; On                 ; On                 ;
; Auto Shift Register Replacement                                                 ; Auto               ; Auto               ;
; Allow Shift Register Merging across Hierarchies                                 ; Auto               ; Auto               ;
; Auto Clock Enable Replacement                                                   ; On                 ; On                 ;
; Strict RAM Replacement                                                          ; Off                ; Off                ;
; Allow Synchronous Control Signals                                               ; On                 ; On                 ;
; Force Use of Synchronous Clear Signals                                          ; Off                ; Off                ;
; Auto Resource Sharing                                                           ; Off                ; Off                ;
; Allow Any RAM Size For Recognition                                              ; Off                ; Off                ;
; Allow Any ROM Size For Recognition                                              ; Off                ; Off                ;
; Allow Any Shift Register Size For Recognition                                   ; Off                ; Off                ;
; Use LogicLock Constraints during Resource Balancing                             ; On                 ; On                 ;
; Ignore translate_off and synthesis_off directives                               ; Off                ; Off                ;
; Timing-Driven Synthesis                                                         ; On                 ; On                 ;
; Report Parameter Settings                                                       ; On                 ; On                 ;
; Report Source Assignments                                                       ; On                 ; On                 ;
; Report Connectivity Checks                                                      ; On                 ; On                 ;
; Ignore Maximum Fan-Out Assignments                                              ; Off                ; Off                ;
; Synchronization Register Chain Length                                           ; 3                  ; 3                  ;
; Power Optimization During Synthesis                                             ; Normal compilation ; Normal compilation ;
; HDL message level                                                               ; Level2             ; Level2             ;
; Suppress Register Optimization Related Messages                                 ; Off                ; Off                ;
; Number of Removed Registers Reported in Synthesis Report                        ; 5000               ; 5000               ;
; Number of Swept Nodes Reported in Synthesis Report                              ; 5000               ; 5000               ;
; Number of Inverted Registers Reported in Synthesis Report                       ; 100                ; 100                ;
; Clock MUX Protection                                                            ; On                 ; On                 ;
; Auto Gated Clock Conversion                                                     ; Off                ; Off                ;
; Block Design Naming                                                             ; Auto               ; Auto               ;
; SDC constraint protection                                                       ; Off                ; Off                ;
; Synthesis Effort                                                                ; Auto               ; Auto               ;
; Shift Register Replacement - Allow Asynchronous Clear Signal                    ; On                 ; On                 ;
; Pre-Mapping Resynthesis Optimization                                            ; Off                ; Off                ;
; Analysis & Synthesis Message Level                                              ; Medium             ; Medium             ;
; Disable Register Merging Across Hierarchies                                     ; Auto               ; Auto               ;
; Resource Aware Inference For Block RAM                                          ; On                 ; On                 ;
; Automatic Parallel Synthesis                                                    ; On                 ; On                 ;
; Partial Reconfiguration Bitstream ID                                            ; Off                ; Off                ;
+---------------------------------------------------------------------------------+--------------------+--------------------+


+------------------------------------------+
; Parallel Compilation                     ;
+----------------------------+-------------+
; Processors                 ; Number      ;
+----------------------------+-------------+
; Number detected on machine ; 4           ;
; Maximum allowed            ; 2           ;
;                            ;             ;
; Average used               ; 1.00        ;
; Maximum used               ; 2           ;
;                            ;             ;
; Usage by Processor         ; % Time Used ;
;     Processor 1            ; 100.0%      ;
;     Processor 2            ;   0.1%      ;
+----------------------------+-------------+


+-----------------------------------------------------------------------------------------------------------------------------------------------------------------------------------------------------------+
; Analysis & Synthesis Source Files Read                                                                                                                                                                    ;
+----------------------------------+-----------------+---------------------------------------------+----------------------------------------------------------------------------------------------+---------+
; File Name with User-Entered Path ; Used in Netlist ; File Type                                   ; File Name with Absolute Path                                                                 ; Library ;
+----------------------------------+-----------------+---------------------------------------------+----------------------------------------------------------------------------------------------+---------+
; Memory/imem.sv                   ; yes             ; User SystemVerilog HDL File                 ; C:/Users/ggg/Documents/GitHub/Taller-Digitales/Proyecto/ProcesadorFinal/Memory/imem.sv       ;         ;
; Memory/dmem.sv                   ; yes             ; User SystemVerilog HDL File                 ; C:/Users/ggg/Documents/GitHub/Taller-Digitales/Proyecto/ProcesadorFinal/Memory/dmem.sv       ;         ;
; ALU/xorN.sv                      ; yes             ; User SystemVerilog HDL File                 ; C:/Users/ggg/Documents/GitHub/Taller-Digitales/Proyecto/ProcesadorFinal/ALU/xorN.sv          ;         ;
; ALU/sumadorNbits.sv              ; yes             ; User SystemVerilog HDL File                 ; C:/Users/ggg/Documents/GitHub/Taller-Digitales/Proyecto/ProcesadorFinal/ALU/sumadorNbits.sv  ;         ;
; ALU/sumador1bit.sv               ; yes             ; User SystemVerilog HDL File                 ; C:/Users/ggg/Documents/GitHub/Taller-Digitales/Proyecto/ProcesadorFinal/ALU/sumador1bit.sv   ;         ;
; ALU/srlN.sv                      ; yes             ; User SystemVerilog HDL File                 ; C:/Users/ggg/Documents/GitHub/Taller-Digitales/Proyecto/ProcesadorFinal/ALU/srlN.sv          ;         ;
; ALU/sllN.sv                      ; yes             ; User SystemVerilog HDL File                 ; C:/Users/ggg/Documents/GitHub/Taller-Digitales/Proyecto/ProcesadorFinal/ALU/sllN.sv          ;         ;
; ALU/restadorNbits.sv             ; yes             ; User SystemVerilog HDL File                 ; C:/Users/ggg/Documents/GitHub/Taller-Digitales/Proyecto/ProcesadorFinal/ALU/restadorNbits.sv ;         ;
; ALU/orN.sv                       ; yes             ; User SystemVerilog HDL File                 ; C:/Users/ggg/Documents/GitHub/Taller-Digitales/Proyecto/ProcesadorFinal/ALU/orN.sv           ;         ;
; ALU/notN.sv                      ; yes             ; User SystemVerilog HDL File                 ; C:/Users/ggg/Documents/GitHub/Taller-Digitales/Proyecto/ProcesadorFinal/ALU/notN.sv          ;         ;
; ALU/MUX.sv                       ; yes             ; User SystemVerilog HDL File                 ; C:/Users/ggg/Documents/GitHub/Taller-Digitales/Proyecto/ProcesadorFinal/ALU/MUX.sv           ;         ;
; ALU/andN.sv                      ; yes             ; User SystemVerilog HDL File                 ; C:/Users/ggg/Documents/GitHub/Taller-Digitales/Proyecto/ProcesadorFinal/ALU/andN.sv          ;         ;
; ALU/ALU.sv                       ; yes             ; User SystemVerilog HDL File                 ; C:/Users/ggg/Documents/GitHub/Taller-Digitales/Proyecto/ProcesadorFinal/ALU/ALU.sv           ;         ;
; arm.sv                           ; yes             ; User SystemVerilog HDL File                 ; C:/Users/ggg/Documents/GitHub/Taller-Digitales/Proyecto/ProcesadorFinal/arm.sv               ;         ;
; controller.sv                    ; yes             ; User SystemVerilog HDL File                 ; C:/Users/ggg/Documents/GitHub/Taller-Digitales/Proyecto/ProcesadorFinal/controller.sv        ;         ;
; decoder.sv                       ; yes             ; User SystemVerilog HDL File                 ; C:/Users/ggg/Documents/GitHub/Taller-Digitales/Proyecto/ProcesadorFinal/decoder.sv           ;         ;
; condcheck.sv                     ; yes             ; User SystemVerilog HDL File                 ; C:/Users/ggg/Documents/GitHub/Taller-Digitales/Proyecto/ProcesadorFinal/condcheck.sv         ;         ;
; condlogic.sv                     ; yes             ; User SystemVerilog HDL File                 ; C:/Users/ggg/Documents/GitHub/Taller-Digitales/Proyecto/ProcesadorFinal/condlogic.sv         ;         ;
; datapath.sv                      ; yes             ; User SystemVerilog HDL File                 ; C:/Users/ggg/Documents/GitHub/Taller-Digitales/Proyecto/ProcesadorFinal/datapath.sv          ;         ;
; regfile.sv                       ; yes             ; User SystemVerilog HDL File                 ; C:/Users/ggg/Documents/GitHub/Taller-Digitales/Proyecto/ProcesadorFinal/regfile.sv           ;         ;
; adder.sv                         ; yes             ; User SystemVerilog HDL File                 ; C:/Users/ggg/Documents/GitHub/Taller-Digitales/Proyecto/ProcesadorFinal/adder.sv             ;         ;
; extend.sv                        ; yes             ; User SystemVerilog HDL File                 ; C:/Users/ggg/Documents/GitHub/Taller-Digitales/Proyecto/ProcesadorFinal/extend.sv            ;         ;
; flopr.sv                         ; yes             ; User SystemVerilog HDL File                 ; C:/Users/ggg/Documents/GitHub/Taller-Digitales/Proyecto/ProcesadorFinal/flopr.sv             ;         ;
; flopenr.sv                       ; yes             ; User SystemVerilog HDL File                 ; C:/Users/ggg/Documents/GitHub/Taller-Digitales/Proyecto/ProcesadorFinal/flopenr.sv           ;         ;
; mux2.sv                          ; yes             ; User SystemVerilog HDL File                 ; C:/Users/ggg/Documents/GitHub/Taller-Digitales/Proyecto/ProcesadorFinal/mux2.sv              ;         ;
; top.sv                           ; yes             ; User SystemVerilog HDL File                 ; C:/Users/ggg/Documents/GitHub/Taller-Digitales/Proyecto/ProcesadorFinal/top.sv               ;         ;
; memory/memfile.hex               ; yes             ; Auto-Found Hexadecimal (Intel-Format) File  ; C:/Users/ggg/Documents/GitHub/Taller-Digitales/Proyecto/ProcesadorFinal/memory/memfile.hex   ;         ;
+----------------------------------+-----------------+---------------------------------------------+----------------------------------------------------------------------------------------------+---------+


+---------------------------------------------------------+
; Analysis & Synthesis Resource Usage Summary             ;
+---------------------------------------------+-----------+
; Resource                                    ; Usage     ;
+---------------------------------------------+-----------+
; Estimate of Logic utilization (ALMs needed) ; 1932      ;
;                                             ;           ;
; Combinational ALUT usage for logic          ; 1565      ;
;     -- 7 input functions                    ; 4         ;
;     -- 6 input functions                    ; 1101      ;
;     -- 5 input functions                    ; 109       ;
;     -- 4 input functions                    ; 67        ;
;     -- <=3 input functions                  ; 284       ;
;                                             ;           ;
; Dedicated logic registers                   ; 2562      ;
;                                             ;           ;
; I/O pins                                    ; 67        ;
;                                             ;           ;
; Total DSP Blocks                            ; 0         ;
;                                             ;           ;
; Maximum fan-out node                        ; clk~input ;
; Maximum fan-out                             ; 2562      ;
; Total fan-out                               ; 16056     ;
; Average fan-out                             ; 3.77      ;
+---------------------------------------------+-----------+


+----------------------------------------------------------------------------------------------------------------------------------------------------------------------------------------------------------------------------------------------------------------------------------------------+
; Analysis & Synthesis Resource Utilization by Entity                                                                                                                                                                                                                                          ;
+---------------------------------------------------------+---------------------+---------------------------+-------------------+------------+------+--------------+--------------------------------------------------------------------------------------------+---------------+--------------+
; Compilation Hierarchy Node                              ; Combinational ALUTs ; Dedicated Logic Registers ; Block Memory Bits ; DSP Blocks ; Pins ; Virtual Pins ; Full Hierarchy Name                                                                        ; Entity Name   ; Library Name ;
+---------------------------------------------------------+---------------------+---------------------------+-------------------+------------+------+--------------+--------------------------------------------------------------------------------------------+---------------+--------------+
; |top                                                    ; 1565 (0)            ; 2562 (0)                  ; 0                 ; 0          ; 67   ; 0            ; |top                                                                                       ; top           ; work         ;
;    |arm:arm|                                            ; 750 (0)             ; 514 (0)                   ; 0                 ; 0          ; 0    ; 0            ; |top|arm:arm                                                                               ; arm           ; work         ;
;       |controller:c|                                    ; 12 (0)              ; 2 (0)                     ; 0                 ; 0          ; 0    ; 0            ; |top|arm:arm|controller:c                                                                  ; controller    ; work         ;
;          |condlogic:cl|                                 ; 6 (4)               ; 2 (0)                     ; 0                 ; 0          ; 0    ; 0            ; |top|arm:arm|controller:c|condlogic:cl                                                     ; condlogic     ; work         ;
;             |condcheck:cc|                              ; 2 (2)               ; 0 (0)                     ; 0                 ; 0          ; 0    ; 0            ; |top|arm:arm|controller:c|condlogic:cl|condcheck:cc                                        ; condcheck     ; work         ;
;             |flopenr:flagreg1|                          ; 0 (0)               ; 2 (2)                     ; 0                 ; 0          ; 0    ; 0            ; |top|arm:arm|controller:c|condlogic:cl|flopenr:flagreg1                                    ; flopenr       ; work         ;
;          |decoder:dec|                                  ; 6 (6)               ; 0 (0)                     ; 0                 ; 0          ; 0    ; 0            ; |top|arm:arm|controller:c|decoder:dec                                                      ; decoder       ; work         ;
;       |datapath:dp|                                     ; 738 (0)             ; 512 (0)                   ; 0                 ; 0          ; 0    ; 0            ; |top|arm:arm|datapath:dp                                                                   ; datapath      ; work         ;
;          |ALU:alu|                                      ; 178 (0)             ; 0 (0)                     ; 0                 ; 0          ; 0    ; 0            ; |top|arm:arm|datapath:dp|ALU:alu                                                           ; ALU           ; work         ;
;             |MUX:muxresult|                             ; 35 (35)             ; 0 (0)                     ; 0                 ; 0          ; 0    ; 0            ; |top|arm:arm|datapath:dp|ALU:alu|MUX:muxresult                                             ; MUX           ; work         ;
;             |andN:andgate|                              ; 3 (3)               ; 0 (0)                     ; 0                 ; 0          ; 0    ; 0            ; |top|arm:arm|datapath:dp|ALU:alu|andN:andgate                                              ; andN          ; work         ;
;             |restadorNbits:restador|                    ; 72 (72)             ; 0 (0)                     ; 0                 ; 0          ; 0    ; 0            ; |top|arm:arm|datapath:dp|ALU:alu|restadorNbits:restador                                    ; restadorNbits ; work         ;
;             |sumadorNbits:sumaN|                        ; 68 (0)              ; 0 (0)                     ; 0                 ; 0          ; 0    ; 0            ; |top|arm:arm|datapath:dp|ALU:alu|sumadorNbits:sumaN                                        ; sumadorNbits  ; work         ;
;                |sumador1bit:sumador_completo[10].sumai| ; 4 (4)               ; 0 (0)                     ; 0                 ; 0          ; 0    ; 0            ; |top|arm:arm|datapath:dp|ALU:alu|sumadorNbits:sumaN|sumador1bit:sumador_completo[10].sumai ; sumador1bit   ; work         ;
;                |sumador1bit:sumador_completo[11].sumai| ; 1 (1)               ; 0 (0)                     ; 0                 ; 0          ; 0    ; 0            ; |top|arm:arm|datapath:dp|ALU:alu|sumadorNbits:sumaN|sumador1bit:sumador_completo[11].sumai ; sumador1bit   ; work         ;
;                |sumador1bit:sumador_completo[12].sumai| ; 1 (1)               ; 0 (0)                     ; 0                 ; 0          ; 0    ; 0            ; |top|arm:arm|datapath:dp|ALU:alu|sumadorNbits:sumaN|sumador1bit:sumador_completo[12].sumai ; sumador1bit   ; work         ;
;                |sumador1bit:sumador_completo[13].sumai| ; 4 (4)               ; 0 (0)                     ; 0                 ; 0          ; 0    ; 0            ; |top|arm:arm|datapath:dp|ALU:alu|sumadorNbits:sumaN|sumador1bit:sumador_completo[13].sumai ; sumador1bit   ; work         ;
;                |sumador1bit:sumador_completo[14].sumai| ; 1 (1)               ; 0 (0)                     ; 0                 ; 0          ; 0    ; 0            ; |top|arm:arm|datapath:dp|ALU:alu|sumadorNbits:sumaN|sumador1bit:sumador_completo[14].sumai ; sumador1bit   ; work         ;
;                |sumador1bit:sumador_completo[15].sumai| ; 1 (1)               ; 0 (0)                     ; 0                 ; 0          ; 0    ; 0            ; |top|arm:arm|datapath:dp|ALU:alu|sumadorNbits:sumaN|sumador1bit:sumador_completo[15].sumai ; sumador1bit   ; work         ;
;                |sumador1bit:sumador_completo[16].sumai| ; 1 (1)               ; 0 (0)                     ; 0                 ; 0          ; 0    ; 0            ; |top|arm:arm|datapath:dp|ALU:alu|sumadorNbits:sumaN|sumador1bit:sumador_completo[16].sumai ; sumador1bit   ; work         ;
;                |sumador1bit:sumador_completo[17].sumai| ; 6 (6)               ; 0 (0)                     ; 0                 ; 0          ; 0    ; 0            ; |top|arm:arm|datapath:dp|ALU:alu|sumadorNbits:sumaN|sumador1bit:sumador_completo[17].sumai ; sumador1bit   ; work         ;
;                |sumador1bit:sumador_completo[18].sumai| ; 3 (3)               ; 0 (0)                     ; 0                 ; 0          ; 0    ; 0            ; |top|arm:arm|datapath:dp|ALU:alu|sumadorNbits:sumaN|sumador1bit:sumador_completo[18].sumai ; sumador1bit   ; work         ;
;                |sumador1bit:sumador_completo[19].sumai| ; 1 (1)               ; 0 (0)                     ; 0                 ; 0          ; 0    ; 0            ; |top|arm:arm|datapath:dp|ALU:alu|sumadorNbits:sumaN|sumador1bit:sumador_completo[19].sumai ; sumador1bit   ; work         ;
;                |sumador1bit:sumador_completo[1].sumai|  ; 1 (1)               ; 0 (0)                     ; 0                 ; 0          ; 0    ; 0            ; |top|arm:arm|datapath:dp|ALU:alu|sumadorNbits:sumaN|sumador1bit:sumador_completo[1].sumai  ; sumador1bit   ; work         ;
;                |sumador1bit:sumador_completo[20].sumai| ; 4 (4)               ; 0 (0)                     ; 0                 ; 0          ; 0    ; 0            ; |top|arm:arm|datapath:dp|ALU:alu|sumadorNbits:sumaN|sumador1bit:sumador_completo[20].sumai ; sumador1bit   ; work         ;
;                |sumador1bit:sumador_completo[21].sumai| ; 1 (1)               ; 0 (0)                     ; 0                 ; 0          ; 0    ; 0            ; |top|arm:arm|datapath:dp|ALU:alu|sumadorNbits:sumaN|sumador1bit:sumador_completo[21].sumai ; sumador1bit   ; work         ;
;                |sumador1bit:sumador_completo[22].sumai| ; 1 (1)               ; 0 (0)                     ; 0                 ; 0          ; 0    ; 0            ; |top|arm:arm|datapath:dp|ALU:alu|sumadorNbits:sumaN|sumador1bit:sumador_completo[22].sumai ; sumador1bit   ; work         ;
;                |sumador1bit:sumador_completo[23].sumai| ; 1 (1)               ; 0 (0)                     ; 0                 ; 0          ; 0    ; 0            ; |top|arm:arm|datapath:dp|ALU:alu|sumadorNbits:sumaN|sumador1bit:sumador_completo[23].sumai ; sumador1bit   ; work         ;
;                |sumador1bit:sumador_completo[24].sumai| ; 1 (1)               ; 0 (0)                     ; 0                 ; 0          ; 0    ; 0            ; |top|arm:arm|datapath:dp|ALU:alu|sumadorNbits:sumaN|sumador1bit:sumador_completo[24].sumai ; sumador1bit   ; work         ;
;                |sumador1bit:sumador_completo[25].sumai| ; 10 (10)             ; 0 (0)                     ; 0                 ; 0          ; 0    ; 0            ; |top|arm:arm|datapath:dp|ALU:alu|sumadorNbits:sumaN|sumador1bit:sumador_completo[25].sumai ; sumador1bit   ; work         ;
;                |sumador1bit:sumador_completo[27].sumai| ; 1 (1)               ; 0 (0)                     ; 0                 ; 0          ; 0    ; 0            ; |top|arm:arm|datapath:dp|ALU:alu|sumadorNbits:sumaN|sumador1bit:sumador_completo[27].sumai ; sumador1bit   ; work         ;
;                |sumador1bit:sumador_completo[29].sumai| ; 1 (1)               ; 0 (0)                     ; 0                 ; 0          ; 0    ; 0            ; |top|arm:arm|datapath:dp|ALU:alu|sumadorNbits:sumaN|sumador1bit:sumador_completo[29].sumai ; sumador1bit   ; work         ;
;                |sumador1bit:sumador_completo[2].sumai|  ; 1 (1)               ; 0 (0)                     ; 0                 ; 0          ; 0    ; 0            ; |top|arm:arm|datapath:dp|ALU:alu|sumadorNbits:sumaN|sumador1bit:sumador_completo[2].sumai  ; sumador1bit   ; work         ;
;                |sumador1bit:sumador_completo[30].sumai| ; 5 (5)               ; 0 (0)                     ; 0                 ; 0          ; 0    ; 0            ; |top|arm:arm|datapath:dp|ALU:alu|sumadorNbits:sumaN|sumador1bit:sumador_completo[30].sumai ; sumador1bit   ; work         ;
;                |sumador1bit:sumador_completo[3].sumai|  ; 4 (4)               ; 0 (0)                     ; 0                 ; 0          ; 0    ; 0            ; |top|arm:arm|datapath:dp|ALU:alu|sumadorNbits:sumaN|sumador1bit:sumador_completo[3].sumai  ; sumador1bit   ; work         ;
;                |sumador1bit:sumador_completo[4].sumai|  ; 1 (1)               ; 0 (0)                     ; 0                 ; 0          ; 0    ; 0            ; |top|arm:arm|datapath:dp|ALU:alu|sumadorNbits:sumaN|sumador1bit:sumador_completo[4].sumai  ; sumador1bit   ; work         ;
;                |sumador1bit:sumador_completo[5].sumai|  ; 6 (6)               ; 0 (0)                     ; 0                 ; 0          ; 0    ; 0            ; |top|arm:arm|datapath:dp|ALU:alu|sumadorNbits:sumaN|sumador1bit:sumador_completo[5].sumai  ; sumador1bit   ; work         ;
;                |sumador1bit:sumador_completo[6].sumai|  ; 1 (1)               ; 0 (0)                     ; 0                 ; 0          ; 0    ; 0            ; |top|arm:arm|datapath:dp|ALU:alu|sumadorNbits:sumaN|sumador1bit:sumador_completo[6].sumai  ; sumador1bit   ; work         ;
;                |sumador1bit:sumador_completo[7].sumai|  ; 1 (1)               ; 0 (0)                     ; 0                 ; 0          ; 0    ; 0            ; |top|arm:arm|datapath:dp|ALU:alu|sumadorNbits:sumaN|sumador1bit:sumador_completo[7].sumai  ; sumador1bit   ; work         ;
;                |sumador1bit:sumador_completo[8].sumai|  ; 4 (4)               ; 0 (0)                     ; 0                 ; 0          ; 0    ; 0            ; |top|arm:arm|datapath:dp|ALU:alu|sumadorNbits:sumaN|sumador1bit:sumador_completo[8].sumai  ; sumador1bit   ; work         ;
;                |sumador1bit:sumador_completo[9].sumai|  ; 1 (1)               ; 0 (0)                     ; 0                 ; 0          ; 0    ; 0            ; |top|arm:arm|datapath:dp|ALU:alu|sumadorNbits:sumaN|sumador1bit:sumador_completo[9].sumai  ; sumador1bit   ; work         ;
;          |adder:pcadd1|                                 ; 30 (30)             ; 0 (0)                     ; 0                 ; 0          ; 0    ; 0            ; |top|arm:arm|datapath:dp|adder:pcadd1                                                      ; adder         ; work         ;
;          |adder:pcadd2|                                 ; 30 (30)             ; 0 (0)                     ; 0                 ; 0          ; 0    ; 0            ; |top|arm:arm|datapath:dp|adder:pcadd2                                                      ; adder         ; work         ;
;          |flopr:pcreg|                                  ; 0 (0)               ; 32 (32)                   ; 0                 ; 0          ; 0    ; 0            ; |top|arm:arm|datapath:dp|flopr:pcreg                                                       ; flopr         ; work         ;
;          |mux2:ra1mux|                                  ; 4 (4)               ; 0 (0)                     ; 0                 ; 0          ; 0    ; 0            ; |top|arm:arm|datapath:dp|mux2:ra1mux                                                       ; mux2          ; work         ;
;          |mux2:ra2mux|                                  ; 4 (4)               ; 0 (0)                     ; 0                 ; 0          ; 0    ; 0            ; |top|arm:arm|datapath:dp|mux2:ra2mux                                                       ; mux2          ; work         ;
;          |mux2:resmux|                                  ; 32 (32)             ; 0 (0)                     ; 0                 ; 0          ; 0    ; 0            ; |top|arm:arm|datapath:dp|mux2:resmux                                                       ; mux2          ; work         ;
;          |mux2:srcbmux|                                 ; 53 (53)             ; 0 (0)                     ; 0                 ; 0          ; 0    ; 0            ; |top|arm:arm|datapath:dp|mux2:srcbmux                                                      ; mux2          ; work         ;
;          |regfile:rf|                                   ; 407 (407)           ; 480 (480)                 ; 0                 ; 0          ; 0    ; 0            ; |top|arm:arm|datapath:dp|regfile:rf                                                        ; regfile       ; work         ;
;    |dmem:dmem|                                          ; 798 (798)           ; 2048 (2048)               ; 0                 ; 0          ; 0    ; 0            ; |top|dmem:dmem                                                                             ; dmem          ; work         ;
;    |imem:imem|                                          ; 17 (17)             ; 0 (0)                     ; 0                 ; 0          ; 0    ; 0            ; |top|imem:imem                                                                             ; imem          ; work         ;
+---------------------------------------------------------+---------------------+---------------------------+-------------------+------------+------+--------------+--------------------------------------------------------------------------------------------+---------------+--------------+
Note: For table entries with two numbers listed, the numbers in parentheses indicate the number of resources of the given type used by the specific entity alone. The numbers listed outside of parentheses indicate the total resources of the given type used by the specific entity and all of its sub-entities in the hierarchy.


+--------------------------------------------------------------------------------------------------------------------------------------------------+
; User-Specified and Inferred Latches                                                                                                              ;
+-------------------------------------------------------------+-----------------------------------------------------------+------------------------+
; Latch Name                                                  ; Latch Enable Signal                                       ; Free of Timing Hazards ;
+-------------------------------------------------------------+-----------------------------------------------------------+------------------------+
; arm:arm|datapath:dp|ALU:alu|restadorNbits:restador|zero     ; GND                                                       ; yes                    ;
; arm:arm|datapath:dp|ALU:alu|restadorNbits:restador|negativo ; arm:arm|datapath:dp|ALU:alu|restadorNbits:restador|Equal0 ; yes                    ;
; Number of user-specified and inferred latches = 2           ;                                                           ;                        ;
+-------------------------------------------------------------+-----------------------------------------------------------+------------------------+
Note: All latches listed above may not be present at the end of synthesis due to various synthesis optimizations.


+--------------------------------------------------------------------------------------------------+
; Registers Removed During Synthesis                                                               ;
+---------------------------------------------------------+----------------------------------------+
; Register name                                           ; Reason for Removal                     ;
+---------------------------------------------------------+----------------------------------------+
; arm:arm|controller:c|condlogic:cl|flopenr:flagreg0|q[0] ; Stuck at GND due to stuck port data_in ;
; arm:arm|controller:c|condlogic:cl|flopenr:flagreg0|q[1] ; Lost fanout                            ;
; Total Number of Removed Registers = 2                   ;                                        ;
+---------------------------------------------------------+----------------------------------------+


+-----------------------------------------------------------------------------------------------------------------------------------------------+
; Removed Registers Triggering Further Register Optimizations                                                                                   ;
+---------------------------------------------------------+---------------------------+---------------------------------------------------------+
; Register name                                           ; Reason for Removal        ; Registers Removed due to This Register                  ;
+---------------------------------------------------------+---------------------------+---------------------------------------------------------+
; arm:arm|controller:c|condlogic:cl|flopenr:flagreg0|q[0] ; Stuck at GND              ; arm:arm|controller:c|condlogic:cl|flopenr:flagreg0|q[1] ;
;                                                         ; due to stuck port data_in ;                                                         ;
+---------------------------------------------------------+---------------------------+---------------------------------------------------------+


+------------------------------------------------------+
; General Register Statistics                          ;
+----------------------------------------------+-------+
; Statistic                                    ; Value ;
+----------------------------------------------+-------+
; Total registers                              ; 2562  ;
; Number of registers using Synchronous Clear  ; 0     ;
; Number of registers using Synchronous Load   ; 30    ;
; Number of registers using Asynchronous Clear ; 34    ;
; Number of registers using Asynchronous Load  ; 0     ;
; Number of registers using Clock Enable       ; 2532  ;
; Number of registers using Preset             ; 0     ;
+----------------------------------------------+-------+


+---------------------------------------------------------------------------------------------------------------------------------------------------------------------+
; Multiplexer Restructuring Statistics (Restructuring Performed)                                                                                                      ;
+--------------------+-----------+---------------+----------------------+------------------------+------------+-------------------------------------------------------+
; Multiplexer Inputs ; Bus Width ; Baseline Area ; Area if Restructured ; Saving if Restructured ; Registered ; Example Multiplexer Output                            ;
+--------------------+-----------+---------------+----------------------+------------------------+------------+-------------------------------------------------------+
; 3:1                ; 11 bits   ; 22 LEs        ; 22 LEs               ; 0 LEs                  ; No         ; |top|arm:arm|datapath:dp|mux2:srcbmux|y[14]           ;
; 3:1                ; 2 bits    ; 4 LEs         ; 4 LEs                ; 0 LEs                  ; No         ; |top|arm:arm|datapath:dp|mux2:srcbmux|y[1]            ;
; 3:1                ; 5 bits    ; 10 LEs        ; 10 LEs               ; 0 LEs                  ; No         ; |top|arm:arm|datapath:dp|mux2:srcbmux|y[5]            ;
; 4:1                ; 32 bits   ; 64 LEs        ; 64 LEs               ; 0 LEs                  ; No         ; |top|arm:arm|datapath:dp|ALU:alu|MUX:muxresult|result ;
+--------------------+-----------+---------------+----------------------+------------------------+------------+-------------------------------------------------------+


+-------------------------------------------------------------------------------------------------+
; Parameter Settings for User Entity Instance: arm:arm|controller:c|condlogic:cl|flopenr:flagreg1 ;
+----------------+-------+------------------------------------------------------------------------+
; Parameter Name ; Value ; Type                                                                   ;
+----------------+-------+------------------------------------------------------------------------+
; WIDTH          ; 2     ; Signed Integer                                                         ;
+----------------+-------+------------------------------------------------------------------------+
Note: In order to hide this table in the UI and the text report file, please set the "Show Parameter Settings in Synthesis Report" option in "Analysis and Synthesis Settings -> More Settings" to "Off".


+-------------------------------------------------------------------------------------------------+
; Parameter Settings for User Entity Instance: arm:arm|controller:c|condlogic:cl|flopenr:flagreg0 ;
+----------------+-------+------------------------------------------------------------------------+
; Parameter Name ; Value ; Type                                                                   ;
+----------------+-------+------------------------------------------------------------------------+
; WIDTH          ; 2     ; Signed Integer                                                         ;
+----------------+-------+------------------------------------------------------------------------+
Note: In order to hide this table in the UI and the text report file, please set the "Show Parameter Settings in Synthesis Report" option in "Analysis and Synthesis Settings -> More Settings" to "Off".


+-----------------------------------------------------------------------------+
; Parameter Settings for User Entity Instance: arm:arm|datapath:dp|mux2:pcmux ;
+----------------+-------+----------------------------------------------------+
; Parameter Name ; Value ; Type                                               ;
+----------------+-------+----------------------------------------------------+
; WIDTH          ; 32    ; Signed Integer                                     ;
+----------------+-------+----------------------------------------------------+
Note: In order to hide this table in the UI and the text report file, please set the "Show Parameter Settings in Synthesis Report" option in "Analysis and Synthesis Settings -> More Settings" to "Off".


+------------------------------------------------------------------------------+
; Parameter Settings for User Entity Instance: arm:arm|datapath:dp|flopr:pcreg ;
+----------------+-------+-----------------------------------------------------+
; Parameter Name ; Value ; Type                                                ;
+----------------+-------+-----------------------------------------------------+
; WIDTH          ; 32    ; Signed Integer                                      ;
+----------------+-------+-----------------------------------------------------+
Note: In order to hide this table in the UI and the text report file, please set the "Show Parameter Settings in Synthesis Report" option in "Analysis and Synthesis Settings -> More Settings" to "Off".


+-------------------------------------------------------------------------------+
; Parameter Settings for User Entity Instance: arm:arm|datapath:dp|adder:pcadd1 ;
+----------------+-------+------------------------------------------------------+
; Parameter Name ; Value ; Type                                                 ;
+----------------+-------+------------------------------------------------------+
; WIDTH          ; 32    ; Signed Integer                                       ;
+----------------+-------+------------------------------------------------------+
Note: In order to hide this table in the UI and the text report file, please set the "Show Parameter Settings in Synthesis Report" option in "Analysis and Synthesis Settings -> More Settings" to "Off".


+-------------------------------------------------------------------------------+
; Parameter Settings for User Entity Instance: arm:arm|datapath:dp|adder:pcadd2 ;
+----------------+-------+------------------------------------------------------+
; Parameter Name ; Value ; Type                                                 ;
+----------------+-------+------------------------------------------------------+
; WIDTH          ; 32    ; Signed Integer                                       ;
+----------------+-------+------------------------------------------------------+
Note: In order to hide this table in the UI and the text report file, please set the "Show Parameter Settings in Synthesis Report" option in "Analysis and Synthesis Settings -> More Settings" to "Off".


+------------------------------------------------------------------------------+
; Parameter Settings for User Entity Instance: arm:arm|datapath:dp|mux2:ra1mux ;
+----------------+-------+-----------------------------------------------------+
; Parameter Name ; Value ; Type                                                ;
+----------------+-------+-----------------------------------------------------+
; WIDTH          ; 4     ; Signed Integer                                      ;
+----------------+-------+-----------------------------------------------------+
Note: In order to hide this table in the UI and the text report file, please set the "Show Parameter Settings in Synthesis Report" option in "Analysis and Synthesis Settings -> More Settings" to "Off".


+------------------------------------------------------------------------------+
; Parameter Settings for User Entity Instance: arm:arm|datapath:dp|mux2:ra2mux ;
+----------------+-------+-----------------------------------------------------+
; Parameter Name ; Value ; Type                                                ;
+----------------+-------+-----------------------------------------------------+
; WIDTH          ; 4     ; Signed Integer                                      ;
+----------------+-------+-----------------------------------------------------+
Note: In order to hide this table in the UI and the text report file, please set the "Show Parameter Settings in Synthesis Report" option in "Analysis and Synthesis Settings -> More Settings" to "Off".


+------------------------------------------------------------------------------+
; Parameter Settings for User Entity Instance: arm:arm|datapath:dp|mux2:resmux ;
+----------------+-------+-----------------------------------------------------+
; Parameter Name ; Value ; Type                                                ;
+----------------+-------+-----------------------------------------------------+
; WIDTH          ; 32    ; Signed Integer                                      ;
+----------------+-------+-----------------------------------------------------+
Note: In order to hide this table in the UI and the text report file, please set the "Show Parameter Settings in Synthesis Report" option in "Analysis and Synthesis Settings -> More Settings" to "Off".


+-------------------------------------------------------------------------------+
; Parameter Settings for User Entity Instance: arm:arm|datapath:dp|mux2:srcbmux ;
+----------------+-------+------------------------------------------------------+
; Parameter Name ; Value ; Type                                                 ;
+----------------+-------+------------------------------------------------------+
; WIDTH          ; 32    ; Signed Integer                                       ;
+----------------+-------+------------------------------------------------------+
Note: In order to hide this table in the UI and the text report file, please set the "Show Parameter Settings in Synthesis Report" option in "Analysis and Synthesis Settings -> More Settings" to "Off".


+--------------------------------------------------------------------------+
; Parameter Settings for User Entity Instance: arm:arm|datapath:dp|ALU:alu ;
+----------------+-------+-------------------------------------------------+
; Parameter Name ; Value ; Type                                            ;
+----------------+-------+-------------------------------------------------+
; width          ; 32    ; Signed Integer                                  ;
+----------------+-------+-------------------------------------------------+
Note: In order to hide this table in the UI and the text report file, please set the "Show Parameter Settings in Synthesis Report" option in "Analysis and Synthesis Settings -> More Settings" to "Off".


+---------------------------------------------------------------------------------------------+
; Parameter Settings for User Entity Instance: arm:arm|datapath:dp|ALU:alu|sumadorNbits:sumaN ;
+----------------+-------+--------------------------------------------------------------------+
; Parameter Name ; Value ; Type                                                               ;
+----------------+-------+--------------------------------------------------------------------+
; N              ; 32    ; Signed Integer                                                     ;
+----------------+-------+--------------------------------------------------------------------+
Note: In order to hide this table in the UI and the text report file, please set the "Show Parameter Settings in Synthesis Report" option in "Analysis and Synthesis Settings -> More Settings" to "Off".


+-------------------------------------------------------------------------------------------------+
; Parameter Settings for User Entity Instance: arm:arm|datapath:dp|ALU:alu|restadorNbits:restador ;
+----------------+-------+------------------------------------------------------------------------+
; Parameter Name ; Value ; Type                                                                   ;
+----------------+-------+------------------------------------------------------------------------+
; N              ; 32    ; Signed Integer                                                         ;
+----------------+-------+------------------------------------------------------------------------+
Note: In order to hide this table in the UI and the text report file, please set the "Show Parameter Settings in Synthesis Report" option in "Analysis and Synthesis Settings -> More Settings" to "Off".


+---------------------------------------------------------------------------------------+
; Parameter Settings for User Entity Instance: arm:arm|datapath:dp|ALU:alu|andN:andgate ;
+----------------+-------+--------------------------------------------------------------+
; Parameter Name ; Value ; Type                                                         ;
+----------------+-------+--------------------------------------------------------------+
; width          ; 32    ; Signed Integer                                               ;
+----------------+-------+--------------------------------------------------------------+
Note: In order to hide this table in the UI and the text report file, please set the "Show Parameter Settings in Synthesis Report" option in "Analysis and Synthesis Settings -> More Settings" to "Off".


+-------------------------------------------------------------------------------------+
; Parameter Settings for User Entity Instance: arm:arm|datapath:dp|ALU:alu|orN:orgate ;
+----------------+-------+------------------------------------------------------------+
; Parameter Name ; Value ; Type                                                       ;
+----------------+-------+------------------------------------------------------------+
; width          ; 32    ; Signed Integer                                             ;
+----------------+-------+------------------------------------------------------------+
Note: In order to hide this table in the UI and the text report file, please set the "Show Parameter Settings in Synthesis Report" option in "Analysis and Synthesis Settings -> More Settings" to "Off".


+--------------------------------------------------------------------------------------+
; Parameter Settings for User Entity Instance: arm:arm|datapath:dp|ALU:alu|sllN:shiftL ;
+----------------+-------+-------------------------------------------------------------+
; Parameter Name ; Value ; Type                                                        ;
+----------------+-------+-------------------------------------------------------------+
; width          ; 32    ; Signed Integer                                              ;
+----------------+-------+-------------------------------------------------------------+
Note: In order to hide this table in the UI and the text report file, please set the "Show Parameter Settings in Synthesis Report" option in "Analysis and Synthesis Settings -> More Settings" to "Off".


+--------------------------------------------------------------------------------------+
; Parameter Settings for User Entity Instance: arm:arm|datapath:dp|ALU:alu|srlN:shiftR ;
+----------------+-------+-------------------------------------------------------------+
; Parameter Name ; Value ; Type                                                        ;
+----------------+-------+-------------------------------------------------------------+
; width          ; 32    ; Signed Integer                                              ;
+----------------+-------+-------------------------------------------------------------+
Note: In order to hide this table in the UI and the text report file, please set the "Show Parameter Settings in Synthesis Report" option in "Analysis and Synthesis Settings -> More Settings" to "Off".


+---------------------------------------------------------------------------------------+
; Parameter Settings for User Entity Instance: arm:arm|datapath:dp|ALU:alu|xorN:xorgate ;
+----------------+-------+--------------------------------------------------------------+
; Parameter Name ; Value ; Type                                                         ;
+----------------+-------+--------------------------------------------------------------+
; N              ; 32    ; Signed Integer                                               ;
+----------------+-------+--------------------------------------------------------------+
Note: In order to hide this table in the UI and the text report file, please set the "Show Parameter Settings in Synthesis Report" option in "Analysis and Synthesis Settings -> More Settings" to "Off".


+---------------------------------------------------------------------------------------+
; Parameter Settings for User Entity Instance: arm:arm|datapath:dp|ALU:alu|notN:notgate ;
+----------------+-------+--------------------------------------------------------------+
; Parameter Name ; Value ; Type                                                         ;
+----------------+-------+--------------------------------------------------------------+
; width          ; 32    ; Signed Integer                                               ;
+----------------+-------+--------------------------------------------------------------+
Note: In order to hide this table in the UI and the text report file, please set the "Show Parameter Settings in Synthesis Report" option in "Analysis and Synthesis Settings -> More Settings" to "Off".


+----------------------------------------------------------------------------------------+
; Parameter Settings for User Entity Instance: arm:arm|datapath:dp|ALU:alu|MUX:muxresult ;
+----------------+-------+---------------------------------------------------------------+
; Parameter Name ; Value ; Type                                                          ;
+----------------+-------+---------------------------------------------------------------+
; width          ; 32    ; Signed Integer                                                ;
+----------------+-------+---------------------------------------------------------------+
Note: In order to hide this table in the UI and the text report file, please set the "Show Parameter Settings in Synthesis Report" option in "Analysis and Synthesis Settings -> More Settings" to "Off".


+-----------------------------------------------------------------------------------------------------------------------------------------------------------------------------------------------------------------+
; Port Connectivity Checks: "arm:arm|datapath:dp|ALU:alu|sumadorNbits:sumaN"                                                                                                                                      ;
+---------+-------+----------+------------------------------------------------------------------------------------------------------------------------------------------------------------------------------------+
; Port    ; Type  ; Severity ; Details                                                                                                                                                                            ;
+---------+-------+----------+------------------------------------------------------------------------------------------------------------------------------------------------------------------------------------+
; Cin     ; Input ; Warning  ; Input port expression (32 bits) is wider than the input port (1 bits) it drives.  The 31 most-significant bit(s) in the expression will be dangling if they have no other fanouts. ;
; Cin[-1] ; Input ; Info     ; Stuck at GND                                                                                                                                                                       ;
+---------+-------+----------+------------------------------------------------------------------------------------------------------------------------------------------------------------------------------------+


+------------------------------------------------------------------------------------------------------------------------------------------------------------------------------+
; Port Connectivity Checks: "arm:arm|datapath:dp|ALU:alu"                                                                                                                      ;
+---------+-------+----------+-------------------------------------------------------------------------------------------------------------------------------------------------+
; Port    ; Type  ; Severity ; Details                                                                                                                                         ;
+---------+-------+----------+-------------------------------------------------------------------------------------------------------------------------------------------------+
; control ; Input ; Warning  ; Input port expression (2 bits) is smaller than the input port (3 bits) it drives.  Extra input bit(s) "control[2..2]" will be connected to GND. ;
+---------+-------+----------+-------------------------------------------------------------------------------------------------------------------------------------------------+


+-------------------------------------------------------------+
; Port Connectivity Checks: "arm:arm|datapath:dp|mux2:ra1mux" ;
+------+-------+----------+-----------------------------------+
; Port ; Type  ; Severity ; Details                           ;
+------+-------+----------+-----------------------------------+
; d1   ; Input ; Info     ; Stuck at VCC                      ;
+------+-------+----------+-----------------------------------+


+--------------------------------------------------------------+
; Port Connectivity Checks: "arm:arm|datapath:dp|adder:pcadd2" ;
+----------+-------+----------+--------------------------------+
; Port     ; Type  ; Severity ; Details                        ;
+----------+-------+----------+--------------------------------+
; b[31..3] ; Input ; Info     ; Stuck at GND                   ;
; b[1..0]  ; Input ; Info     ; Stuck at GND                   ;
; b[2]     ; Input ; Info     ; Stuck at VCC                   ;
+----------+-------+----------+--------------------------------+


+--------------------------------------------------------------+
; Port Connectivity Checks: "arm:arm|datapath:dp|adder:pcadd1" ;
+----------+-------+----------+--------------------------------+
; Port     ; Type  ; Severity ; Details                        ;
+----------+-------+----------+--------------------------------+
; b[31..3] ; Input ; Info     ; Stuck at GND                   ;
; b[1..0]  ; Input ; Info     ; Stuck at GND                   ;
; b[2]     ; Input ; Info     ; Stuck at VCC                   ;
+----------+-------+----------+--------------------------------+


+-----------------------------------------------------+
; Post-Synthesis Netlist Statistics for Top Partition ;
+-----------------------+-----------------------------+
; Type                  ; Count                       ;
+-----------------------+-----------------------------+
; arriav_ff             ; 2562                        ;
;     CLR SLD           ; 30                          ;
;     ENA               ; 2528                        ;
;     ENA CLR           ; 4                           ;
; arriav_lcell_comb     ; 1565                        ;
;     arith             ; 93                          ;
;         0 data inputs ; 1                           ;
;         1 data inputs ; 60                          ;
;         4 data inputs ; 4                           ;
;         5 data inputs ; 28                          ;
;     extend            ; 4                           ;
;         7 data inputs ; 4                           ;
;     normal            ; 1468                        ;
;         2 data inputs ; 92                          ;
;         3 data inputs ; 131                         ;
;         4 data inputs ; 63                          ;
;         5 data inputs ; 81                          ;
;         6 data inputs ; 1101                        ;
; boundary_port         ; 67                          ;
;                       ;                             ;
; Max LUT depth         ; 17.00                       ;
; Average LUT depth     ; 8.03                        ;
+-----------------------+-----------------------------+


+-------------------------------+
; Elapsed Time Per Partition    ;
+----------------+--------------+
; Partition Name ; Elapsed Time ;
+----------------+--------------+
; Top            ; 00:00:11     ;
+----------------+--------------+


+-------------------------------+
; Analysis & Synthesis Messages ;
+-------------------------------+
Info: *******************************************************************
Info: Running Quartus Prime Analysis & Synthesis
    Info: Version 18.0.0 Build 614 04/24/2018 SJ Lite Edition
    Info: Processing started: Tue Nov 06 20:56:18 2018
Info: Command: quartus_map --read_settings_files=on --write_settings_files=off ProcessorArm -c ProcessorArm
Warning (18236): Number of processors has not been specified which may cause overloading on shared machines.  Set the global assignment NUM_PARALLEL_PROCESSORS in your QSF to an appropriate value for best performance.
Info (20030): Parallel compilation is enabled and will use 2 of the 2 processors detected
Info (12021): Found 1 design units, including 1 entities, in source file memory/imem.sv
    Info (12023): Found entity 1: imem File: C:/Users/ggg/Documents/GitHub/Taller-Digitales/Proyecto/ProcesadorFinal/Memory/imem.sv Line: 1
Info (12021): Found 1 design units, including 1 entities, in source file memory/dmem.sv
    Info (12023): Found entity 1: dmem File: C:/Users/ggg/Documents/GitHub/Taller-Digitales/Proyecto/ProcesadorFinal/Memory/dmem.sv Line: 1
Info (12021): Found 1 design units, including 1 entities, in source file alu/xorn.sv
    Info (12023): Found entity 1: xorN File: C:/Users/ggg/Documents/GitHub/Taller-Digitales/Proyecto/ProcesadorFinal/ALU/xorN.sv Line: 1
Info (12021): Found 1 design units, including 1 entities, in source file alu/sumadornbits.sv
    Info (12023): Found entity 1: sumadorNbits File: C:/Users/ggg/Documents/GitHub/Taller-Digitales/Proyecto/ProcesadorFinal/ALU/sumadorNbits.sv Line: 1
Info (12021): Found 1 design units, including 1 entities, in source file alu/sumador1bit.sv
    Info (12023): Found entity 1: sumador1bit File: C:/Users/ggg/Documents/GitHub/Taller-Digitales/Proyecto/ProcesadorFinal/ALU/sumador1bit.sv Line: 1
Info (12021): Found 1 design units, including 1 entities, in source file alu/srln.sv
    Info (12023): Found entity 1: srlN File: C:/Users/ggg/Documents/GitHub/Taller-Digitales/Proyecto/ProcesadorFinal/ALU/srlN.sv Line: 1
Info (12021): Found 1 design units, including 1 entities, in source file alu/slln.sv
    Info (12023): Found entity 1: sllN File: C:/Users/ggg/Documents/GitHub/Taller-Digitales/Proyecto/ProcesadorFinal/ALU/sllN.sv Line: 1
Info (12021): Found 1 design units, including 1 entities, in source file alu/restadornbits.sv
    Info (12023): Found entity 1: restadorNbits File: C:/Users/ggg/Documents/GitHub/Taller-Digitales/Proyecto/ProcesadorFinal/ALU/restadorNbits.sv Line: 1
Info (12021): Found 1 design units, including 1 entities, in source file alu/orn.sv
    Info (12023): Found entity 1: orN File: C:/Users/ggg/Documents/GitHub/Taller-Digitales/Proyecto/ProcesadorFinal/ALU/orN.sv Line: 1
Info (12021): Found 1 design units, including 1 entities, in source file alu/notn.sv
    Info (12023): Found entity 1: notN File: C:/Users/ggg/Documents/GitHub/Taller-Digitales/Proyecto/ProcesadorFinal/ALU/notN.sv Line: 1
Warning (12090): Entity "MUX" obtained from "ALU/MUX.sv" instead of from Quartus Prime megafunction library File: C:/Users/ggg/Documents/GitHub/Taller-Digitales/Proyecto/ProcesadorFinal/ALU/MUX.sv Line: 1
Info (12021): Found 1 design units, including 1 entities, in source file alu/mux.sv
    Info (12023): Found entity 1: MUX File: C:/Users/ggg/Documents/GitHub/Taller-Digitales/Proyecto/ProcesadorFinal/ALU/MUX.sv Line: 1
Info (12021): Found 1 design units, including 1 entities, in source file alu/andn.sv
    Info (12023): Found entity 1: andN File: C:/Users/ggg/Documents/GitHub/Taller-Digitales/Proyecto/ProcesadorFinal/ALU/andN.sv Line: 1
Info (12021): Found 1 design units, including 1 entities, in source file alu/alu.sv
    Info (12023): Found entity 1: ALU File: C:/Users/ggg/Documents/GitHub/Taller-Digitales/Proyecto/ProcesadorFinal/ALU/ALU.sv Line: 1
Info (12021): Found 1 design units, including 1 entities, in source file arm.sv
    Info (12023): Found entity 1: arm File: C:/Users/ggg/Documents/GitHub/Taller-Digitales/Proyecto/ProcesadorFinal/arm.sv Line: 1
Info (12021): Found 1 design units, including 1 entities, in source file controller.sv
    Info (12023): Found entity 1: controller File: C:/Users/ggg/Documents/GitHub/Taller-Digitales/Proyecto/ProcesadorFinal/controller.sv Line: 1
Info (12021): Found 1 design units, including 1 entities, in source file decoder.sv
    Info (12023): Found entity 1: decoder File: C:/Users/ggg/Documents/GitHub/Taller-Digitales/Proyecto/ProcesadorFinal/decoder.sv Line: 1
Info (12021): Found 1 design units, including 1 entities, in source file condcheck.sv
    Info (12023): Found entity 1: condcheck File: C:/Users/ggg/Documents/GitHub/Taller-Digitales/Proyecto/ProcesadorFinal/condcheck.sv Line: 1
Info (12021): Found 1 design units, including 1 entities, in source file condlogic.sv
    Info (12023): Found entity 1: condlogic File: C:/Users/ggg/Documents/GitHub/Taller-Digitales/Proyecto/ProcesadorFinal/condlogic.sv Line: 1
Info (12021): Found 1 design units, including 1 entities, in source file datapath.sv
    Info (12023): Found entity 1: datapath File: C:/Users/ggg/Documents/GitHub/Taller-Digitales/Proyecto/ProcesadorFinal/datapath.sv Line: 1
Info (12021): Found 1 design units, including 1 entities, in source file regfile.sv
    Info (12023): Found entity 1: regfile File: C:/Users/ggg/Documents/GitHub/Taller-Digitales/Proyecto/ProcesadorFinal/regfile.sv Line: 1
Info (12021): Found 1 design units, including 1 entities, in source file adder.sv
    Info (12023): Found entity 1: adder File: C:/Users/ggg/Documents/GitHub/Taller-Digitales/Proyecto/ProcesadorFinal/adder.sv Line: 1
Info (12021): Found 1 design units, including 1 entities, in source file extend.sv
    Info (12023): Found entity 1: extend File: C:/Users/ggg/Documents/GitHub/Taller-Digitales/Proyecto/ProcesadorFinal/extend.sv Line: 1
Info (12021): Found 1 design units, including 1 entities, in source file flopr.sv
    Info (12023): Found entity 1: flopr File: C:/Users/ggg/Documents/GitHub/Taller-Digitales/Proyecto/ProcesadorFinal/flopr.sv Line: 1
Info (12021): Found 1 design units, including 1 entities, in source file flopenr.sv
    Info (12023): Found entity 1: flopenr File: C:/Users/ggg/Documents/GitHub/Taller-Digitales/Proyecto/ProcesadorFinal/flopenr.sv Line: 1
Info (12021): Found 1 design units, including 1 entities, in source file mux2.sv
    Info (12023): Found entity 1: mux2 File: C:/Users/ggg/Documents/GitHub/Taller-Digitales/Proyecto/ProcesadorFinal/mux2.sv Line: 1
Info (12021): Found 1 design units, including 1 entities, in source file top.sv
    Info (12023): Found entity 1: top File: C:/Users/ggg/Documents/GitHub/Taller-Digitales/Proyecto/ProcesadorFinal/top.sv Line: 1
Info (12021): Found 1 design units, including 1 entities, in source file testbench.sv
    Info (12023): Found entity 1: testbench File: C:/Users/ggg/Documents/GitHub/Taller-Digitales/Proyecto/ProcesadorFinal/testbench.sv Line: 1
Info (12127): Elaborating entity "top" for the top level hierarchy
Info (12128): Elaborating entity "arm" for hierarchy "arm:arm" File: C:/Users/ggg/Documents/GitHub/Taller-Digitales/Proyecto/ProcesadorFinal/top.sv Line: 10
Info (12128): Elaborating entity "controller" for hierarchy "arm:arm|controller:c" File: C:/Users/ggg/Documents/GitHub/Taller-Digitales/Proyecto/ProcesadorFinal/arm.sv Line: 13
Info (12128): Elaborating entity "decoder" for hierarchy "arm:arm|controller:c|decoder:dec" File: C:/Users/ggg/Documents/GitHub/Taller-Digitales/Proyecto/ProcesadorFinal/controller.sv Line: 16
Info (12128): Elaborating entity "condlogic" for hierarchy "arm:arm|controller:c|condlogic:cl" File: C:/Users/ggg/Documents/GitHub/Taller-Digitales/Proyecto/ProcesadorFinal/controller.sv Line: 19
Info (12128): Elaborating entity "flopenr" for hierarchy "arm:arm|controller:c|condlogic:cl|flopenr:flagreg1" File: C:/Users/ggg/Documents/GitHub/Taller-Digitales/Proyecto/ProcesadorFinal/condlogic.sv Line: 13
Info (12128): Elaborating entity "condcheck" for hierarchy "arm:arm|controller:c|condlogic:cl|condcheck:cc" File: C:/Users/ggg/Documents/GitHub/Taller-Digitales/Proyecto/ProcesadorFinal/condlogic.sv Line: 19
Info (12128): Elaborating entity "datapath" for hierarchy "arm:arm|datapath:dp" File: C:/Users/ggg/Documents/GitHub/Taller-Digitales/Proyecto/ProcesadorFinal/arm.sv Line: 16
Info (12128): Elaborating entity "mux2" for hierarchy "arm:arm|datapath:dp|mux2:pcmux" File: C:/Users/ggg/Documents/GitHub/Taller-Digitales/Proyecto/ProcesadorFinal/datapath.sv Line: 20
Info (12128): Elaborating entity "flopr" for hierarchy "arm:arm|datapath:dp|flopr:pcreg" File: C:/Users/ggg/Documents/GitHub/Taller-Digitales/Proyecto/ProcesadorFinal/datapath.sv Line: 21
Info (12128): Elaborating entity "adder" for hierarchy "arm:arm|datapath:dp|adder:pcadd1" File: C:/Users/ggg/Documents/GitHub/Taller-Digitales/Proyecto/ProcesadorFinal/datapath.sv Line: 22
Info (12128): Elaborating entity "mux2" for hierarchy "arm:arm|datapath:dp|mux2:ra1mux" File: C:/Users/ggg/Documents/GitHub/Taller-Digitales/Proyecto/ProcesadorFinal/datapath.sv Line: 26
Info (12128): Elaborating entity "regfile" for hierarchy "arm:arm|datapath:dp|regfile:rf" File: C:/Users/ggg/Documents/GitHub/Taller-Digitales/Proyecto/ProcesadorFinal/datapath.sv Line: 29
Info (12128): Elaborating entity "extend" for hierarchy "arm:arm|datapath:dp|extend:ext" File: C:/Users/ggg/Documents/GitHub/Taller-Digitales/Proyecto/ProcesadorFinal/datapath.sv Line: 31
Info (12128): Elaborating entity "ALU" for hierarchy "arm:arm|datapath:dp|ALU:alu" File: C:/Users/ggg/Documents/GitHub/Taller-Digitales/Proyecto/ProcesadorFinal/datapath.sv Line: 35
Info (12128): Elaborating entity "sumadorNbits" for hierarchy "arm:arm|datapath:dp|ALU:alu|sumadorNbits:sumaN" File: C:/Users/ggg/Documents/GitHub/Taller-Digitales/Proyecto/ProcesadorFinal/ALU/ALU.sv Line: 16
Info (12128): Elaborating entity "sumador1bit" for hierarchy "arm:arm|datapath:dp|ALU:alu|sumadorNbits:sumaN|sumador1bit:sumador_completo[0].sumai" File: C:/Users/ggg/Documents/GitHub/Taller-Digitales/Proyecto/ProcesadorFinal/ALU/sumadorNbits.sv Line: 15
Info (12128): Elaborating entity "restadorNbits" for hierarchy "arm:arm|datapath:dp|ALU:alu|restadorNbits:restador" File: C:/Users/ggg/Documents/GitHub/Taller-Digitales/Proyecto/ProcesadorFinal/ALU/ALU.sv Line: 20
Warning (10240): Verilog HDL Always Construct warning at restadorNbits.sv(10): inferring latch(es) for variable "zero", which holds its previous value in one or more paths through the always construct File: C:/Users/ggg/Documents/GitHub/Taller-Digitales/Proyecto/ProcesadorFinal/ALU/restadorNbits.sv Line: 10
Warning (10240): Verilog HDL Always Construct warning at restadorNbits.sv(10): inferring latch(es) for variable "negativo", which holds its previous value in one or more paths through the always construct File: C:/Users/ggg/Documents/GitHub/Taller-Digitales/Proyecto/ProcesadorFinal/ALU/restadorNbits.sv Line: 10
Info (10041): Inferred latch for "negativo" at restadorNbits.sv(10) File: C:/Users/ggg/Documents/GitHub/Taller-Digitales/Proyecto/ProcesadorFinal/ALU/restadorNbits.sv Line: 10
Info (10041): Inferred latch for "zero" at restadorNbits.sv(10) File: C:/Users/ggg/Documents/GitHub/Taller-Digitales/Proyecto/ProcesadorFinal/ALU/restadorNbits.sv Line: 10
Info (12128): Elaborating entity "andN" for hierarchy "arm:arm|datapath:dp|ALU:alu|andN:andgate" File: C:/Users/ggg/Documents/GitHub/Taller-Digitales/Proyecto/ProcesadorFinal/ALU/ALU.sv Line: 24
Info (12128): Elaborating entity "orN" for hierarchy "arm:arm|datapath:dp|ALU:alu|orN:orgate" File: C:/Users/ggg/Documents/GitHub/Taller-Digitales/Proyecto/ProcesadorFinal/ALU/ALU.sv Line: 28
Info (12128): Elaborating entity "sllN" for hierarchy "arm:arm|datapath:dp|ALU:alu|sllN:shiftL" File: C:/Users/ggg/Documents/GitHub/Taller-Digitales/Proyecto/ProcesadorFinal/ALU/ALU.sv Line: 32
Info (12128): Elaborating entity "srlN" for hierarchy "arm:arm|datapath:dp|ALU:alu|srlN:shiftR" File: C:/Users/ggg/Documents/GitHub/Taller-Digitales/Proyecto/ProcesadorFinal/ALU/ALU.sv Line: 36
Info (12128): Elaborating entity "xorN" for hierarchy "arm:arm|datapath:dp|ALU:alu|xorN:xorgate" File: C:/Users/ggg/Documents/GitHub/Taller-Digitales/Proyecto/ProcesadorFinal/ALU/ALU.sv Line: 40
Info (12128): Elaborating entity "notN" for hierarchy "arm:arm|datapath:dp|ALU:alu|notN:notgate" File: C:/Users/ggg/Documents/GitHub/Taller-Digitales/Proyecto/ProcesadorFinal/ALU/ALU.sv Line: 44
Info (12128): Elaborating entity "MUX" for hierarchy "arm:arm|datapath:dp|ALU:alu|MUX:muxresult" File: C:/Users/ggg/Documents/GitHub/Taller-Digitales/Proyecto/ProcesadorFinal/ALU/ALU.sv Line: 57
Info (12128): Elaborating entity "imem" for hierarchy "imem:imem" File: C:/Users/ggg/Documents/GitHub/Taller-Digitales/Proyecto/ProcesadorFinal/top.sv Line: 11
Warning (10850): Verilog HDL warning at imem.sv(7): number of words (23) in memory file does not match the number of elements in the address range [0:63] File: C:/Users/ggg/Documents/GitHub/Taller-Digitales/Proyecto/ProcesadorFinal/Memory/imem.sv Line: 7
Warning (10030): Net "RAM.data_a" at imem.sv(4) has no driver or initial value, using a default initial value '0' File: C:/Users/ggg/Documents/GitHub/Taller-Digitales/Proyecto/ProcesadorFinal/Memory/imem.sv Line: 4
Warning (10030): Net "RAM.waddr_a" at imem.sv(4) has no driver or initial value, using a default initial value '0' File: C:/Users/ggg/Documents/GitHub/Taller-Digitales/Proyecto/ProcesadorFinal/Memory/imem.sv Line: 4
Warning (10030): Net "RAM.we_a" at imem.sv(4) has no driver or initial value, using a default initial value '0' File: C:/Users/ggg/Documents/GitHub/Taller-Digitales/Proyecto/ProcesadorFinal/Memory/imem.sv Line: 4
Info (12128): Elaborating entity "dmem" for hierarchy "dmem:dmem" File: C:/Users/ggg/Documents/GitHub/Taller-Digitales/Proyecto/ProcesadorFinal/top.sv Line: 12
Info (276014): Found 3 instances of uninferred RAM logic
    Info (276007): RAM logic "dmem:dmem|RAM" is uninferred due to asynchronous read logic File: C:/Users/ggg/Documents/GitHub/Taller-Digitales/Proyecto/ProcesadorFinal/Memory/dmem.sv Line: 4
    Info (276004): RAM logic "imem:imem|RAM" is uninferred due to inappropriate RAM size File: C:/Users/ggg/Documents/GitHub/Taller-Digitales/Proyecto/ProcesadorFinal/Memory/imem.sv Line: 4
    Info (276007): RAM logic "arm:arm|datapath:dp|regfile:rf|rf" is uninferred due to asynchronous read logic File: C:/Users/ggg/Documents/GitHub/Taller-Digitales/Proyecto/ProcesadorFinal/regfile.sv Line: 7
Warning (127007): Memory Initialization File or Hexadecimal (Intel-Format) File "C:/Users/ggg/Documents/GitHub/Taller-Digitales/Proyecto/ProcesadorFinal/db/ProcessorArm.ram0_imem_37c714.hdl.mif" contains "don't care" values -- overwriting them with 0s
Warning (12241): 2 hierarchies have connectivity warnings - see the Connectivity Checks report folder
Info (286030): Timing-Driven Synthesis is running
Info (17049): 1 registers lost all their fanouts during netlist optimizations.
Info (144001): Generated suppressed messages file C:/Users/ggg/Documents/GitHub/Taller-Digitales/Proyecto/ProcesadorFinal/output_files/ProcessorArm.map.smsg
Info (16010): Generating hard_block partition "hard_block:auto_generated_inst"
    Info (16011): Adding 0 node(s), including 0 DDIO, 0 PLL, 0 transceiver and 0 LCELL
Info (21057): Implemented 4194 device resources after synthesis - the final resource count might be different
    Info (21058): Implemented 2 input pins
    Info (21059): Implemented 65 output pins
    Info (21061): Implemented 4127 logic cells
Info: Quartus Prime Analysis & Synthesis was successful. 0 errors, 10 warnings
    Info: Peak virtual memory: 4856 megabytes
    Info: Processing ended: Tue Nov 06 20:56:51 2018
    Info: Elapsed time: 00:00:33
    Info: Total CPU time (on all processors): 00:00:56


+------------------------------------------+
; Analysis & Synthesis Suppressed Messages ;
+------------------------------------------+
The suppressed messages can be found in C:/Users/ggg/Documents/GitHub/Taller-Digitales/Proyecto/ProcesadorFinal/output_files/ProcessorArm.map.smsg.


